
Optional file vector_offset_init.o not found
Archive member included to satisfy reference by file (symbol)

/opt/microchip/xc32/v3.01/bin/bin/../../lib/gcc/pic32mx/8.3.1/fpu64/libgcc.a(_udivdi3.o)
                              build/pic32mz2048efm/production/_ext/519320518/sys_time.o (__udivdi3)
/opt/microchip/xc32/v3.01/bin/bin/../../lib/gcc/pic32mx/8.3.1/../../../../pic32mx/lib/fpu64/libpic32.a(memcmp.o)
                              build/pic32mz2048efm/production/_ext/1044926641/drv_sdspi.o (memcmp)
/opt/microchip/xc32/v3.01/bin/bin/../../lib/gcc/pic32mx/8.3.1/../../../../pic32mx/lib/fpu64/libpic32.a(memcpy.o)
                              build/pic32mz2048efm/production/_ext/1545496361/diskio.o (memcpy)
/opt/microchip/xc32/v3.01/bin/bin/../../lib/gcc/pic32mx/8.3.1/../../../../pic32mx/lib/fpu64/libpic32.a(memset.o)
                              build/pic32mz2048efm/production/_ext/1044926641/drv_sdspi.o (memset)
/opt/microchip/xc32/v3.01/bin/bin/../../lib/gcc/pic32mx/8.3.1/../../../../pic32mx/lib/fpu64/libpic32.a(strcmp.o)
                              build/pic32mz2048efm/production/_ext/1538077638/sys_fs_media_manager.o (strcmp)
/opt/microchip/xc32/v3.01/bin/bin/../../lib/gcc/pic32mx/8.3.1/../../../../pic32mx/lib/fpu64/libpic32.a(strcpy.o)
                              build/pic32mz2048efm/production/_ext/1538077638/sys_fs.o (strcpy)
/opt/microchip/xc32/v3.01/bin/bin/../../lib/gcc/pic32mx/8.3.1/../../../../pic32mx/lib/fpu64/libpic32.a(strlen.o)
                              build/pic32mz2048efm/production/_ext/1538077638/sys_fs.o (strlen)
/opt/microchip/xc32/v3.01/bin/bin/../../lib/gcc/pic32mx/8.3.1/../../../../pic32mx/lib/fpu64/libpic32.a(default-on-reset.o)
                              /tmp/ccrPvX7l.o (_on_reset)
/opt/microchip/xc32/v3.01/bin/bin/../../lib/gcc/pic32mx/8.3.1/../../../../pic32mx/lib/fpu64/libpic32.a(default-on-bootstrap.o)
                              /tmp/ccrPvX7l.o (_on_bootstrap)
/opt/microchip/xc32/v3.01/bin/bin/../../lib/gcc/pic32mx/8.3.1/../../../../pic32mx/lib/fpu64/libpic32.a(default-nmi-handler.o)
                              /tmp/ccrPvX7l.o (_nmi_handler)
/opt/microchip/xc32/v3.01/bin/bin/../../lib/gcc/pic32mx/8.3.1/../../../../pic32mx/lib/fpu64/libpic32.a(pic32_data_init.o)
                              /tmp/ccrPvX7l.o (__pic32_data_init)
/opt/microchip/xc32/v3.01/bin/bin/../../lib/gcc/pic32mx/8.3.1/../../../../pic32mx/lib/fpu64/libpic32.a(pic32_init_cache.o)
                              /tmp/ccrPvX7l.o (__pic32_init_cache)
/opt/microchip/xc32/v3.01/bin/bin/../../lib/gcc/pic32mx/8.3.1/../../../../pic32mx/lib/fpu64/libpic32.a(pic32_init_tlb_ebi_sqi.o)
                              /tmp/ccrPvX7l.o (__pic32_tlb_init_ebi_sqi)
/opt/microchip/xc32/v3.01/bin/bin/../../lib/gcc/pic32mx/8.3.1/../../../../pic32mx/lib/fpu64/libpic32.a(general-exception.o)
                              /tmp/ccrPvX7l.o (_general_exception_context)
/opt/microchip/xc32/v3.01/bin/bin/../../lib/gcc/pic32mx/8.3.1/../../../../pic32mx/lib/fpu64/libpic32.a(cache-err-exception.o)
                              /tmp/ccrPvX7l.o (_cache_err_exception_context)
/opt/microchip/xc32/v3.01/bin/bin/../../lib/gcc/pic32mx/8.3.1/../../../../pic32mx/lib/fpu64/libpic32.a(simple-tlb-refill-exception.o)
                              /tmp/ccrPvX7l.o (_simple_tlb_refill_exception_context)
/opt/microchip/xc32/v3.01/bin/bin/../../lib/gcc/pic32mx/8.3.1/../../../../pic32mx/lib/fpu64/libpic32.a(defaultinterrupt.o)
                              /tmp/ccqBJATo.o (_DefaultInterrupt)
/opt/microchip/xc32/v3.01/bin/bin/../../lib/gcc/pic32mx/8.3.1/../../../../pic32mx/lib/fpu64/libc.a(_iob.o)
                              build/pic32mz2048efm/production/_ext/2011215161/initialization.o (_iob)
/opt/microchip/xc32/v3.01/bin/bin/../../lib/gcc/pic32mx/8.3.1/../../../../pic32mx/lib/fpu64/libc.a(malloc.o)
                              build/pic32mz2048efm/production/_ext/858502545/mpfit.o (malloc)
/opt/microchip/xc32/v3.01/bin/bin/../../lib/gcc/pic32mx/8.3.1/../../../../pic32mx/lib/fpu64/libc.a(memmove.o)
                              build/pic32mz2048efm/production/_ext/1545496361/diskio.o (memmove)
/opt/microchip/xc32/v3.01/bin/bin/../../lib/gcc/pic32mx/8.3.1/../../../../pic32mx/lib/fpu64/libc.a(puts.o)
                              build/pic32mz2048efm/production/_ext/858502545/mpfit.o (puts)
/opt/microchip/xc32/v3.01/bin/bin/../../lib/gcc/pic32mx/8.3.1/../../../../pic32mx/lib/fpu64/libc.a(setbuf.o)
                              build/pic32mz2048efm/production/_ext/2011215161/initialization.o (setbuf)
/opt/microchip/xc32/v3.01/bin/bin/../../lib/gcc/pic32mx/8.3.1/../../../../pic32mx/lib/fpu64/libc.a(strchr.o)
                              build/pic32mz2048efm/production/_ext/1360937237/nmea.o (strchr)
/opt/microchip/xc32/v3.01/bin/bin/../../lib/gcc/pic32mx/8.3.1/../../../../pic32mx/lib/fpu64/libc.a(strncmp.o)
                              build/pic32mz2048efm/production/_ext/1538077638/sys_fs.o (strncmp)
[...]
Memory Configuration

Name             Origin             Length             Attributes
kseg0_program_mem 0x000000009d001000 0x00000000001ff000 xr
kseg1_boot_mem   0x00000000bd000000 0x0000000000000480
kseg1_boot_mem_4B0 0x00000000bd0004b0 0x0000000000000b50
kseg0_data_mem   0x0000000080000000 0x0000000000080000 w !x
sfrs             0x00000000bf800000 0x0000000000100000
kseg2_ebi_data_mem 0x00000000c0000000 0x0000000004000000
kseg2_sqi_data_mem 0x00000000d0000000 0x0000000004000000
kseg3_ebi_data_mem 0x00000000e0000000 0x0000000004000000
kseg3_sqi_data_mem 0x00000000f0000000 0x0000000004000000
*default*        0x0000000000000000 0xffffffffffffffff

Linker script and memory map

LOAD /opt/microchip/xc32/v3.01/bin/bin/../../lib/gcc/pic32mx/8.3.1/../../../../pic32mx/lib/fpu64/debug-exception-return.o
LOAD build/pic32mz2048efm/production/_ext/1044926641/drv_sdspi.o
LOAD build/pic32mz2048efm/production/_ext/1044926641/drv_sdspi_driver_interface.o
LOAD build/pic32mz2048efm/production/_ext/1044926641/drv_sdspi_file_system.o
LOAD build/pic32mz2048efm/production/_ext/1807302558/drv_spi.o
LOAD build/pic32mz2048efm/production/_ext/1449458886/drv_usbhs.o
LOAD build/pic32mz2048efm/production/_ext/1449458886/drv_usbhs_device.o
LOAD build/pic32mz2048efm/production/_ext/1928555383/plib_cache.o
LOAD build/pic32mz2048efm/production/_ext/1928555383/plib_cache_pic32mz.o
LOAD build/pic32mz2048efm/production/_ext/323794519/plib_clk.o
LOAD build/pic32mz2048efm/production/_ext/1871117435/plib_coretimer.o
LOAD build/pic32mz2048efm/production/_ext/1447764726/plib_evic.o
LOAD build/pic32mz2048efm/production/_ext/1447818554/plib_gpio.o
LOAD build/pic32mz2048efm/production/_ext/1683951966/plib_i2c2_master.o
LOAD build/pic32mz2048efm/production/_ext/1683951966/plib_i2c4_master.o
LOAD build/pic32mz2048efm/production/_ext/1448149901/plib_rtcc.o
LOAD build/pic32mz2048efm/production/_ext/1007818685/plib_spi4_master.o
LOAD build/pic32mz2048efm/production/_ext/1007818685/plib_spi5_master.o
LOAD build/pic32mz2048efm/production/_ext/1007818685/plib_spi2_master.o
LOAD build/pic32mz2048efm/production/_ext/1007818685/plib_spi1_master.o
LOAD build/pic32mz2048efm/production/_ext/323810894/plib_tmr2.o
LOAD build/pic32mz2048efm/production/_ext/323810894/plib_tmr3.o
LOAD build/pic32mz2048efm/production/_ext/1448221497/plib_uart5.o
LOAD build/pic32mz2048efm/production/_ext/1448221497/plib_uart6.o
LOAD build/pic32mz2048efm/production/_ext/1448221497/plib_uart3.o
LOAD build/pic32mz2048efm/production/_ext/1448221497/plib_uart1.o
LOAD build/pic32mz2048efm/production/_ext/1448221497/plib_uart2.o
LOAD build/pic32mz2048efm/production/_ext/323813500/plib_wdt.o
LOAD build/pic32mz2048efm/production/_ext/1212781247/xc32_monitor.o
LOAD build/pic32mz2048efm/production/_ext/191419926/sys_cache.o
LOAD build/pic32mz2048efm/production/_ext/1336113504/sys_dma.o
LOAD build/pic32mz2048efm/production/_ext/1225530592/ff.o
LOAD build/pic32mz2048efm/production/_ext/1225530592/ffunicode.o
LOAD build/pic32mz2048efm/production/_ext/1545496361/diskio.o
LOAD build/pic32mz2048efm/production/_ext/1538077638/sys_fs.o
LOAD build/pic32mz2048efm/production/_ext/1538077638/sys_fs_media_manager.o
LOAD build/pic32mz2048efm/production/_ext/1538077638/sys_fs_fat_interface.o
LOAD build/pic32mz2048efm/production/_ext/2145297452/sys_int.o
LOAD build/pic32mz2048efm/production/_ext/519320518/sys_time.o
LOAD build/pic32mz2048efm/production/_ext/196169617/usb_device.o
LOAD build/pic32mz2048efm/production/_ext/196169617/usb_device_cdc.o
LOAD build/pic32mz2048efm/production/_ext/196169617/usb_device_cdc_acm.o
LOAD build/pic32mz2048efm/production/_ext/2011215161/usb_device_init_data.o
LOAD build/pic32mz2048efm/production/_ext/2011215161/tasks.o
LOAD build/pic32mz2048efm/production/_ext/2011215161/initialization.o
LOAD build/pic32mz2048efm/production/_ext/2011215161/interrupts.o
LOAD build/pic32mz2048efm/production/_ext/2011215161/exceptions.o
LOAD build/pic32mz2048efm/production/_ext/858502545/figaro_gpr_fit.o
LOAD build/pic32mz2048efm/production/_ext/858502545/figaro_gpr_params.o
LOAD build/pic32mz2048efm/production/_ext/858502545/mpfit.o
LOAD build/pic32mz2048efm/production/_ext/1230022092/BodyImpedance.o
LOAD build/pic32mz2048efm/production/_ext/1230022092/ad5940.o
LOAD build/pic32mz2048efm/production/_ext/1230022092/pic32Port.o
LOAD build/pic32mz2048efm/production/_ext/1230022092/ad5940main.o
LOAD build/pic32mz2048efm/production/_ext/1360937237/app.o
LOAD build/pic32mz2048efm/production/_ext/1360937237/main.o
LOAD build/pic32mz2048efm/production/_ext/1360937237/communication.o
LOAD build/pic32mz2048efm/production/_ext/1360937237/eeprom.o
LOAD build/pic32mz2048efm/production/_ext/1360937237/mdot.o
LOAD build/pic32mz2048efm/production/_ext/1360937237/messaging.o
LOAD build/pic32mz2048efm/production/_ext/1360937237/nmea.o
LOAD build/pic32mz2048efm/production/_ext/1360937237/stringbuffer.o
LOAD build/pic32mz2048efm/production/_ext/1360937237/time_keeping.o
LOAD build/pic32mz2048efm/production/_ext/1360937237/console.o
LOAD build/pic32mz2048efm/production/_ext/1360937237/auxillary_sensors.o
                0x0000000000000001                __MPLAB_BUILD = 0x1
                0x0000000000000400                PROVIDE (_min_stack_size = 0x400)
START GROUP
LOAD vector_offset_init.o
END GROUP
                0x0000000000000001                PROVIDE (_vector_spacing = 0x1)
                0x000000009d000000                PROVIDE (_ebase_address = 0x9d000000)
                0x0000000000001000                PROVIDE (_ebase_vector_offsets = 0x1000)
                0x00000000bd000000                _RESET_ADDR = 0xbd000000
                0x000000009d001000                _SIMPLE_TLB_REFILL_EXCPT_ADDR = ((_ebase_address + _ebase_vector_offsets) + 0x0)
                0x000000009d001100                _CACHE_ERR_EXCPT_ADDR = ((_ebase_address + _ebase_vector_offsets) + 0x100)
                0x000000009d001180                _GEN_EXCPT_ADDR = ((_ebase_address + _ebase_vector_offsets) + 0x180)

.reset          0x00000000bd000000      0x1c4
 *(.reset)
 .reset         0x00000000bd000000       0x18 /tmp/ccrPvX7l.o
                0x00000000bd000000                _reset
 *(.reset.startup)
 .reset.startup
                0x00000000bd000018      0x1ac /tmp/ccrPvX7l.o
                0x00000000bd000018                _startup

.cache_init     0x00000000bd0004b0      0x1c0
 *(.cache_init)
 *(.cache_init.*)
 .cache_init.cache
                0x00000000bd0004b0       0xc0 /opt/microchip/xc32/v3.01/bin/bin/../../lib/gcc/pic32mx/8.3.1/../../../../pic32mx/lib/fpu64/libpic32.a(pic32_init_cache.o)
 .cache_init.pic32_init_cache
                0x00000000bd000570      0x100 /opt/microchip/xc32/v3.01/bin/bin/../../lib/gcc/pic32mx/8.3.1/../../../../pic32mx/lib/fpu64/libpic32.a(pic32_init_cache.o)
                0x00000000bd000570                __pic32_init_cache

.simple_tlb_refill_excpt
                0x000000009d001000       0x10
 *(.simple_tlb_refill_vector)
 .simple_tlb_refill_vector
                0x000000009d001000       0x10 /tmp/ccrPvX7l.o

.cache_err_excpt
                0x000000009d001100       0x10
 *(.cache_err_vector)
 .cache_err_vector
                0x000000009d001100       0x10 /tmp/ccrPvX7l.o

.app_excpt      0x000000009d001180       0x10
 *(.gen_handler)
 .gen_handler   0x000000009d001180       0x10 /tmp/ccrPvX7l.o

.vectors        0x000000009d001200      0x140
                0x000000009d001200                . = ALIGN (0x4)
                0x00000000000012f8                __vector_offset_0 = DEFINED (__vector_dispatch_0)?(. - _ebase_address):__vector_offset_default
 *(.vector_0)
                0x000000009d001200                . = ALIGN (0x4)
                0x00000000000012f8                __vector_offset_1 = DEFINED (__vector_dispatch_1)?(. - _ebase_address):__vector_offset_default
 *(.vector_1)
                0x000000009d001200                . = ALIGN (0x4)
                0x00000000000012f8                __vector_offset_2 = DEFINED (__vector_dispatch_2)?(. - _ebase_address):__vector_offset_default
 *(.vector_2)
                0x000000009d001200                . = ALIGN (0x4)
                0x00000000000012f8                __vector_offset_3 = DEFINED (__vector_dispatch_3)?(. - _ebase_address):__vector_offset_default
 *(.vector_3)
                0x000000009d001200                . = ALIGN (0x4)
                0x00000000000012f8                __vector_offset_4 = DEFINED (__vector_dispatch_4)?(. - _ebase_address):__vector_offset_default
 *(.vector_4)
                0x000000009d001200                . = ALIGN (0x4)
                0x00000000000012f8                __vector_offset_5 = DEFINED (__vector_dispatch_5)?(. - _ebase_address):__vector_offset_default
 *(.vector_5)
                0x000000009d001200                . = ALIGN (0x4)
                0x00000000000012f8                __vector_offset_6 = DEFINED (__vector_dispatch_6)?(. - _ebase_address):__vector_offset_default
 *(.vector_6)
                0x000000009d001200                . = ALIGN (0x4)
                0x00000000000012f8                __vector_offset_7 = DEFINED (__vector_dispatch_7)?(. - _ebase_address):__vector_offset_default
 *(.vector_7)
                0x000000009d001200                . = ALIGN (0x4)
                0x00000000000012f8                __vector_offset_8 = DEFINED (__vector_dispatch_8)?(. - _ebase_address):__vector_offset_default
 *(.vector_8)
                0x000000009d001200                . = ALIGN (0x4)
                0x0000000000001200                __vector_offset_9 = DEFINED (__vector_dispatch_9)?(. - _ebase_address):__vector_offset_default
 *(.vector_9)
 .vector_9      0x000000009d001200        0x8 build/pic32mz2048efm/production/_ext/2011215161/interrupts.o
                0x000000009d001200                __vector_dispatch_9
                0x000000009d001208                . = ALIGN (0x4)
                0x00000000000012f8                __vector_offset_10 = DEFINED (__vector_dispatch_10)?(. - _ebase_address):__vector_offset_default
 *(.vector_10)
                0x000000009d001208                . = ALIGN (0x4)
                0x00000000000012f8                __vector_offset_11 = DEFINED (__vector_dispatch_11)?(. - _ebase_address):__vector_offset_default
 *(.vector_11)
                0x000000009d001208                . = ALIGN (0x4)
                0x00000000000012f8                __vector_offset_12 = DEFINED (__vector_dispatch_12)?(. - _ebase_address):__vector_offset_default
 *(.vector_12)
                0x000000009d001208                . = ALIGN (0x4)
                0x00000000000012f8                __vector_offset_13 = DEFINED (__vector_dispatch_13)?(. - _ebase_address):__vector_offset_default
 *(.vector_13)
                0x000000009d001208                . = ALIGN (0x4)
                0x0000000000001208                __vector_offset_14 = DEFINED (__vector_dispatch_14)?(. - _ebase_address):__vector_offset_default
 *(.vector_14)
 .vector_14     0x000000009d001208        0x8 build/pic32mz2048efm/production/_ext/2011215161/interrupts.o
                0x000000009d001208                __vector_dispatch_14
                0x000000009d001210                . = ALIGN (0x4)
                0x00000000000012f8                __vector_offset_15 = DEFINED (__vector_dispatch_15)?(. - _ebase_address):__vector_offset_default
 *(.vector_15)
                0x000000009d001210                . = ALIGN (0x4)
                0x00000000000012f8                __vector_offset_16 = DEFINED (__vector_dispatch_16)?(. - _ebase_address):__vector_offset_default
 *(.vector_16)
                0x000000009d001210                . = ALIGN (0x4)
                0x00000000000012f8                __vector_offset_17 = DEFINED (__vector_dispatch_17)?(. - _ebase_address):__vector_offset_default
 *(.vector_17)
                0x000000009d001210                . = ALIGN (0x4)
                0x00000000000012f8                __vector_offset_18 = DEFINED (__vector_dispatch_18)?(. - _ebase_address):__vector_offset_default
 *(.vector_18)
                0x000000009d001210                . = ALIGN (0x4)
                0x00000000000012f8                __vector_offset_19 = DEFINED (__vector_dispatch_19)?(. - _ebase_address):__vector_offset_default
 *(.vector_19)
                0x000000009d001210                . = ALIGN (0x4)
                0x00000000000012f8                __vector_offset_20 = DEFINED (__vector_dispatch_20)?(. - _ebase_address):__vector_offset_default
 *(.vector_20)
                0x000000009d001210                . = ALIGN (0x4)
                0x00000000000012f8                __vector_offset_21 = DEFINED (__vector_dispatch_21)?(. - _ebase_address):__vector_offset_default
 *(.vector_21)
                0x000000009d001210                . = ALIGN (0x4)
                0x00000000000012f8                __vector_offset_22 = DEFINED (__vector_dispatch_22)?(. - _ebase_address):__vector_offset_default
 *(.vector_22)
                0x000000009d001210                . = ALIGN (0x4)
                0x00000000000012f8                __vector_offset_23 = DEFINED (__vector_dispatch_23)?(. - _ebase_address):__vector_offset_default
 *(.vector_23)
                0x000000009d001210                . = ALIGN (0x4)
                0x00000000000012f8                __vector_offset_24 = DEFINED (__vector_dispatch_24)?(. - _ebase_address):__vector_offset_default
 *(.vector_24)
                0x000000009d001210                . = ALIGN (0x4)
                0x00000000000012f8                __vector_offset_25 = DEFINED (__vector_dispatch_25)?(. - _ebase_address):__vector_offset_default
 *(.vector_25)
                0x000000009d001210                . = ALIGN (0x4)
                0x00000000000012f8                __vector_offset_26 = DEFINED (__vector_dispatch_26)?(. - _ebase_address):__vector_offset_default
 *(.vector_26)
                0x000000009d001210                . = ALIGN (0x4)
                0x00000000000012f8                __vector_offset_27 = DEFINED (__vector_dispatch_27)?(. - _ebase_address):__vector_offset_default
 *(.vector_27)
                0x000000009d001210                . = ALIGN (0x4)
                0x00000000000012f8                __vector_offset_28 = DEFINED (__vector_dispatch_28)?(. - _ebase_address):__vector_offset_default
 *(.vector_28)
                0x000000009d001210                . = ALIGN (0x4)
                0x00000000000012f8                __vector_offset_29 = DEFINED (__vector_dispatch_29)?(. - _ebase_address):__vector_offset_default
 *(.vector_29)
                0x000000009d001210                . = ALIGN (0x4)
                0x00000000000012f8                __vector_offset_30 = DEFINED (__vector_dispatch_30)?(. - _ebase_address):__vector_offset_default
 *(.vector_30)
                0x000000009d001210                . = ALIGN (0x4)
                0x00000000000012f8                __vector_offset_31 = DEFINED (__vector_dispatch_31)?(. - _ebase_address):__vector_offset_default
 *(.vector_31)
                0x000000009d001210                . = ALIGN (0x4)
                0x00000000000012f8                __vector_offset_32 = DEFINED (__vector_dispatch_32)?(. - _ebase_address):__vector_offset_default
 *(.vector_32)
                0x000000009d001210                . = ALIGN (0x4)
                0x00000000000012f8                __vector_offset_33 = DEFINED (__vector_dispatch_33)?(. - _ebase_address):__vector_offset_default
 *(.vector_33)
                0x000000009d001210                . = ALIGN (0x4)
                0x00000000000012f8                __vector_offset_34 = DEFINED (__vector_dispatch_34)?(. - _ebase_address):__vector_offset_default
 *(.vector_34)
                0x000000009d001210                . = ALIGN (0x4)
                0x00000000000012f8                __vector_offset_35 = DEFINED (__vector_dispatch_35)?(. - _ebase_address):__vector_offset_default
 *(.vector_35)
                0x000000009d001210                . = ALIGN (0x4)
                0x00000000000012f8                __vector_offset_36 = DEFINED (__vector_dispatch_36)?(. - _ebase_address):__vector_offset_default
 *(.vector_36)
                0x000000009d001210                . = ALIGN (0x4)
                0x00000000000012f8                __vector_offset_37 = DEFINED (__vector_dispatch_37)?(. - _ebase_address):__vector_offset_default
 *(.vector_37)
                0x000000009d001210                . = ALIGN (0x4)
                0x00000000000012f8                __vector_offset_38 = DEFINED (__vector_dispatch_38)?(. - _ebase_address):__vector_offset_default
 *(.vector_38)
                0x000000009d001210                . = ALIGN (0x4)
                0x00000000000012f8                __vector_offset_39 = DEFINED (__vector_dispatch_39)?(. - _ebase_address):__vector_offset_default
 *(.vector_39)
                0x000000009d001210                . = ALIGN (0x4)
                0x00000000000012f8                __vector_offset_40 = DEFINED (__vector_dispatch_40)?(. - _ebase_address):__vector_offset_default
 *(.vector_40)
                0x000000009d001210                . = ALIGN (0x4)
                0x00000000000012f8                __vector_offset_41 = DEFINED (__vector_dispatch_41)?(. - _ebase_address):__vector_offset_default
 *(.vector_41)
                0x000000009d001210                . = ALIGN (0x4)
                0x00000000000012f8                __vector_offset_42 = DEFINED (__vector_dispatch_42)?(. - _ebase_address):__vector_offset_default
 *(.vector_42)
                0x000000009d001210                . = ALIGN (0x4)
                0x00000000000012f8                __vector_offset_43 = DEFINED (__vector_dispatch_43)?(. - _ebase_address):__vector_offset_default
 *(.vector_43)
                0x000000009d001210                . = ALIGN (0x4)
                0x00000000000012f8                __vector_offset_44 = DEFINED (__vector_dispatch_44)?(. - _ebase_address):__vector_offset_default
 *(.vector_44)
                0x000000009d001210                . = ALIGN (0x4)
                0x00000000000012f8                __vector_offset_45 = DEFINED (__vector_dispatch_45)?(. - _ebase_address):__vector_offset_default
 *(.vector_45)
                0x000000009d001210                . = ALIGN (0x4)
                0x00000000000012f8                __vector_offset_46 = DEFINED (__vector_dispatch_46)?(. - _ebase_address):__vector_offset_default
 *(.vector_46)
                0x000000009d001210                . = ALIGN (0x4)
                0x00000000000012f8                __vector_offset_47 = DEFINED (__vector_dispatch_47)?(. - _ebase_address):__vector_offset_default
 *(.vector_47)
                0x000000009d001210                . = ALIGN (0x4)
                0x00000000000012f8                __vector_offset_48 = DEFINED (__vector_dispatch_48)?(. - _ebase_address):__vector_offset_default
 *(.vector_48)
                0x000000009d001210                . = ALIGN (0x4)
                0x00000000000012f8                __vector_offset_49 = DEFINED (__vector_dispatch_49)?(. - _ebase_address):__vector_offset_default
 *(.vector_49)
                0x000000009d001210                . = ALIGN (0x4)
                0x00000000000012f8                __vector_offset_50 = DEFINED (__vector_dispatch_50)?(. - _ebase_address):__vector_offset_default
 *(.vector_50)
                0x000000009d001210                . = ALIGN (0x4)
                0x00000000000012f8                __vector_offset_51 = DEFINED (__vector_dispatch_51)?(. - _ebase_address):__vector_offset_default
 *(.vector_51)
                0x000000009d001210                . = ALIGN (0x4)
                0x00000000000012f8                __vector_offset_52 = DEFINED (__vector_dispatch_52)?(. - _ebase_address):__vector_offset_default
 *(.vector_52)
                0x000000009d001210                . = ALIGN (0x4)
                0x00000000000012f8                __vector_offset_53 = DEFINED (__vector_dispatch_53)?(. - _ebase_address):__vector_offset_default
 *(.vector_53)
                0x000000009d001210                . = ALIGN (0x4)
                0x00000000000012f8                __vector_offset_54 = DEFINED (__vector_dispatch_54)?(. - _ebase_address):__vector_offset_default
 *(.vector_54)
                0x000000009d001210                . = ALIGN (0x4)
                0x00000000000012f8                __vector_offset_55 = DEFINED (__vector_dispatch_55)?(. - _ebase_address):__vector_offset_default
 *(.vector_55)
                0x000000009d001210                . = ALIGN (0x4)
                0x00000000000012f8                __vector_offset_56 = DEFINED (__vector_dispatch_56)?(. - _ebase_address):__vector_offset_default
 *(.vector_56)
                0x000000009d001210                . = ALIGN (0x4)
                0x00000000000012f8                __vector_offset_57 = DEFINED (__vector_dispatch_57)?(. - _ebase_address):__vector_offset_default
 *(.vector_57)
                0x000000009d001210                . = ALIGN (0x4)
                0x00000000000012f8                __vector_offset_58 = DEFINED (__vector_dispatch_58)?(. - _ebase_address):__vector_offset_default
 *(.vector_58)
                0x000000009d001210                . = ALIGN (0x4)
                0x00000000000012f8                __vector_offset_59 = DEFINED (__vector_dispatch_59)?(. - _ebase_address):__vector_offset_default
 *(.vector_59)
                0x000000009d001210                . = ALIGN (0x4)
                0x00000000000012f8                __vector_offset_60 = DEFINED (__vector_dispatch_60)?(. - _ebase_address):__vector_offset_default
 *(.vector_60)
                0x000000009d001210                . = ALIGN (0x4)
                0x00000000000012f8                __vector_offset_61 = DEFINED (__vector_dispatch_61)?(. - _ebase_address):__vector_offset_default
 *(.vector_61)
                0x000000009d001210                . = ALIGN (0x4)
                0x00000000000012f8                __vector_offset_62 = DEFINED (__vector_dispatch_62)?(. - _ebase_address):__vector_offset_default
 *(.vector_62)
                0x000000009d001210                . = ALIGN (0x4)
                0x00000000000012f8                __vector_offset_63 = DEFINED (__vector_dispatch_63)?(. - _ebase_address):__vector_offset_default
 *(.vector_63)
                0x000000009d001210                . = ALIGN (0x4)
                0x00000000000012f8                __vector_offset_64 = DEFINED (__vector_dispatch_64)?(. - _ebase_address):__vector_offset_default
 *(.vector_64)
                0x000000009d001210                . = ALIGN (0x4)
                0x00000000000012f8                __vector_offset_65 = DEFINED (__vector_dispatch_65)?(. - _ebase_address):__vector_offset_default
 *(.vector_65)
                0x000000009d001210                . = ALIGN (0x4)
                0x00000000000012f8                __vector_offset_66 = DEFINED (__vector_dispatch_66)?(. - _ebase_address):__vector_offset_default
 *(.vector_66)
                0x000000009d001210                . = ALIGN (0x4)
                0x00000000000012f8                __vector_offset_67 = DEFINED (__vector_dispatch_67)?(. - _ebase_address):__vector_offset_default
 *(.vector_67)
                0x000000009d001210                . = ALIGN (0x4)
                0x00000000000012f8                __vector_offset_68 = DEFINED (__vector_dispatch_68)?(. - _ebase_address):__vector_offset_default
 *(.vector_68)
                0x000000009d001210                . = ALIGN (0x4)
                0x00000000000012f8                __vector_offset_69 = DEFINED (__vector_dispatch_69)?(. - _ebase_address):__vector_offset_default
 *(.vector_69)
                0x000000009d001210                . = ALIGN (0x4)
                0x00000000000012f8                __vector_offset_70 = DEFINED (__vector_dispatch_70)?(. - _ebase_address):__vector_offset_default
 *(.vector_70)
                0x000000009d001210                . = ALIGN (0x4)
                0x00000000000012f8                __vector_offset_71 = DEFINED (__vector_dispatch_71)?(. - _ebase_address):__vector_offset_default
 *(.vector_71)
                0x000000009d001210                . = ALIGN (0x4)
                0x00000000000012f8                __vector_offset_72 = DEFINED (__vector_dispatch_72)?(. - _ebase_address):__vector_offset_default
 *(.vector_72)
                0x000000009d001210                . = ALIGN (0x4)
                0x00000000000012f8                __vector_offset_73 = DEFINED (__vector_dispatch_73)?(. - _ebase_address):__vector_offset_default
 *(.vector_73)
                0x000000009d001210                . = ALIGN (0x4)
                0x00000000000012f8                __vector_offset_74 = DEFINED (__vector_dispatch_74)?(. - _ebase_address):__vector_offset_default
 *(.vector_74)
                0x000000009d001210                . = ALIGN (0x4)
                0x00000000000012f8                __vector_offset_75 = DEFINED (__vector_dispatch_75)?(. - _ebase_address):__vector_offset_default
 *(.vector_75)
                0x000000009d001210                . = ALIGN (0x4)
                0x00000000000012f8                __vector_offset_76 = DEFINED (__vector_dispatch_76)?(. - _ebase_address):__vector_offset_default
 *(.vector_76)
                0x000000009d001210                . = ALIGN (0x4)
                0x00000000000012f8                __vector_offset_77 = DEFINED (__vector_dispatch_77)?(. - _ebase_address):__vector_offset_default
 *(.vector_77)
                0x000000009d001210                . = ALIGN (0x4)
                0x00000000000012f8                __vector_offset_78 = DEFINED (__vector_dispatch_78)?(. - _ebase_address):__vector_offset_default
 *(.vector_78)
                0x000000009d001210                . = ALIGN (0x4)
                0x00000000000012f8                __vector_offset_79 = DEFINED (__vector_dispatch_79)?(. - _ebase_address):__vector_offset_default
 *(.vector_79)
                0x000000009d001210                . = ALIGN (0x4)
                0x00000000000012f8                __vector_offset_80 = DEFINED (__vector_dispatch_80)?(. - _ebase_address):__vector_offset_default
 *(.vector_80)
                0x000000009d001210                . = ALIGN (0x4)
                0x00000000000012f8                __vector_offset_81 = DEFINED (__vector_dispatch_81)?(. - _ebase_address):__vector_offset_default
 *(.vector_81)
                0x000000009d001210                . = ALIGN (0x4)
                0x00000000000012f8                __vector_offset_82 = DEFINED (__vector_dispatch_82)?(. - _ebase_address):__vector_offset_default
 *(.vector_82)
                0x000000009d001210                . = ALIGN (0x4)
                0x00000000000012f8                __vector_offset_83 = DEFINED (__vector_dispatch_83)?(. - _ebase_address):__vector_offset_default
 *(.vector_83)
                0x000000009d001210                . = ALIGN (0x4)
                0x00000000000012f8                __vector_offset_84 = DEFINED (__vector_dispatch_84)?(. - _ebase_address):__vector_offset_default
 *(.vector_84)
                0x000000009d001210                . = ALIGN (0x4)
                0x00000000000012f8                __vector_offset_85 = DEFINED (__vector_dispatch_85)?(. - _ebase_address):__vector_offset_default
 *(.vector_85)
                0x000000009d001210                . = ALIGN (0x4)
                0x00000000000012f8                __vector_offset_86 = DEFINED (__vector_dispatch_86)?(. - _ebase_address):__vector_offset_default
 *(.vector_86)
                0x000000009d001210                . = ALIGN (0x4)
                0x00000000000012f8                __vector_offset_87 = DEFINED (__vector_dispatch_87)?(. - _ebase_address):__vector_offset_default
 *(.vector_87)
                0x000000009d001210                . = ALIGN (0x4)
                0x00000000000012f8                __vector_offset_88 = DEFINED (__vector_dispatch_88)?(. - _ebase_address):__vector_offset_default
 *(.vector_88)
                0x000000009d001210                . = ALIGN (0x4)
                0x00000000000012f8                __vector_offset_89 = DEFINED (__vector_dispatch_89)?(. - _ebase_address):__vector_offset_default
 *(.vector_89)
                0x000000009d001210                . = ALIGN (0x4)
                0x00000000000012f8                __vector_offset_90 = DEFINED (__vector_dispatch_90)?(. - _ebase_address):__vector_offset_default
 *(.vector_90)
                0x000000009d001210                . = ALIGN (0x4)
                0x00000000000012f8                __vector_offset_91 = DEFINED (__vector_dispatch_91)?(. - _ebase_address):__vector_offset_default
 *(.vector_91)
                0x000000009d001210                . = ALIGN (0x4)
                0x00000000000012f8                __vector_offset_92 = DEFINED (__vector_dispatch_92)?(. - _ebase_address):__vector_offset_default
 *(.vector_92)
                0x000000009d001210                . = ALIGN (0x4)
                0x00000000000012f8                __vector_offset_93 = DEFINED (__vector_dispatch_93)?(. - _ebase_address):__vector_offset_default
 *(.vector_93)
                0x000000009d001210                . = ALIGN (0x4)
                0x00000000000012f8                __vector_offset_94 = DEFINED (__vector_dispatch_94)?(. - _ebase_address):__vector_offset_default
 *(.vector_94)
                0x000000009d001210                . = ALIGN (0x4)
                0x00000000000012f8                __vector_offset_95 = DEFINED (__vector_dispatch_95)?(. - _ebase_address):__vector_offset_default
 *(.vector_95)
                0x000000009d001210                . = ALIGN (0x4)
                0x00000000000012f8                __vector_offset_96 = DEFINED (__vector_dispatch_96)?(. - _ebase_address):__vector_offset_default
 *(.vector_96)
                0x000000009d001210                . = ALIGN (0x4)
                0x00000000000012f8                __vector_offset_97 = DEFINED (__vector_dispatch_97)?(. - _ebase_address):__vector_offset_default
 *(.vector_97)
                0x000000009d001210                . = ALIGN (0x4)
                0x00000000000012f8                __vector_offset_98 = DEFINED (__vector_dispatch_98)?(. - _ebase_address):__vector_offset_default
 *(.vector_98)
                0x000000009d001210                . = ALIGN (0x4)
                0x00000000000012f8                __vector_offset_99 = DEFINED (__vector_dispatch_99)?(. - _ebase_address):__vector_offset_default
 *(.vector_99)
                0x000000009d001210                . = ALIGN (0x4)
                0x00000000000012f8                __vector_offset_100 = DEFINED (__vector_dispatch_100)?(. - _ebase_address):__vector_offset_default
 *(.vector_100)
                0x000000009d001210                . = ALIGN (0x4)
                0x00000000000012f8                __vector_offset_101 = DEFINED (__vector_dispatch_101)?(. - _ebase_address):__vector_offset_default
 *(.vector_101)
                0x000000009d001210                . = ALIGN (0x4)
                0x00000000000012f8                __vector_offset_102 = DEFINED (__vector_dispatch_102)?(. - _ebase_address):__vector_offset_default
 *(.vector_102)
                0x000000009d001210                . = ALIGN (0x4)
                0x00000000000012f8                __vector_offset_103 = DEFINED (__vector_dispatch_103)?(. - _ebase_address):__vector_offset_default
 *(.vector_103)
                0x000000009d001210                . = ALIGN (0x4)
                0x00000000000012f8                __vector_offset_104 = DEFINED (__vector_dispatch_104)?(. - _ebase_address):__vector_offset_default
 *(.vector_104)
                0x000000009d001210                . = ALIGN (0x4)
                0x00000000000012f8                __vector_offset_105 = DEFINED (__vector_dispatch_105)?(. - _ebase_address):__vector_offset_default
 *(.vector_105)
                0x000000009d001210                . = ALIGN (0x4)
                0x00000000000012f8                __vector_offset_106 = DEFINED (__vector_dispatch_106)?(. - _ebase_address):__vector_offset_default
 *(.vector_106)
                0x000000009d001210                . = ALIGN (0x4)
                0x00000000000012f8                __vector_offset_107 = DEFINED (__vector_dispatch_107)?(. - _ebase_address):__vector_offset_default
 *(.vector_107)
                0x000000009d001210                . = ALIGN (0x4)
                0x00000000000012f8                __vector_offset_108 = DEFINED (__vector_dispatch_108)?(. - _ebase_address):__vector_offset_default
 *(.vector_108)
                0x000000009d001210                . = ALIGN (0x4)
                0x00000000000012f8                __vector_offset_109 = DEFINED (__vector_dispatch_109)?(. - _ebase_address):__vector_offset_default
 *(.vector_109)
                0x000000009d001210                . = ALIGN (0x4)
                0x0000000000001210                __vector_offset_110 = DEFINED (__vector_dispatch_110)?(. - _ebase_address):__vector_offset_default
 *(.vector_110)
 .vector_110    0x000000009d001210        0x8 build/pic32mz2048efm/production/_ext/2011215161/interrupts.o
                0x000000009d001210                __vector_dispatch_110
                0x000000009d001218                . = ALIGN (0x4)
                0x0000000000001218                __vector_offset_111 = DEFINED (__vector_dispatch_111)?(. - _ebase_address):__vector_offset_default
 *(.vector_111)
 .vector_111    0x000000009d001218        0x8 build/pic32mz2048efm/production/_ext/2011215161/interrupts.o
                0x000000009d001218                __vector_dispatch_111
                0x000000009d001220                . = ALIGN (0x4)
                0x0000000000001220                __vector_offset_112 = DEFINED (__vector_dispatch_112)?(. - _ebase_address):__vector_offset_default
 *(.vector_112)
 .vector_112    0x000000009d001220        0x8 build/pic32mz2048efm/production/_ext/2011215161/interrupts.o
                0x000000009d001220                __vector_dispatch_112
                0x000000009d001228                . = ALIGN (0x4)
                0x0000000000001228                __vector_offset_113 = DEFINED (__vector_dispatch_113)?(. - _ebase_address):__vector_offset_default
 *(.vector_113)
 .vector_113    0x000000009d001228        0x8 build/pic32mz2048efm/production/_ext/2011215161/interrupts.o
                0x000000009d001228                __vector_dispatch_113
                0x000000009d001230                . = ALIGN (0x4)
                0x0000000000001230                __vector_offset_114 = DEFINED (__vector_dispatch_114)?(. - _ebase_address):__vector_offset_default
 *(.vector_114)
 .vector_114    0x000000009d001230        0x8 build/pic32mz2048efm/production/_ext/2011215161/interrupts.o
                0x000000009d001230                __vector_dispatch_114
                0x000000009d001238                . = ALIGN (0x4)
                0x00000000000012f8                __vector_offset_115 = DEFINED (__vector_dispatch_115)?(. - _ebase_address):__vector_offset_default
 *(.vector_115)
                0x000000009d001238                . = ALIGN (0x4)
                0x00000000000012f8                __vector_offset_116 = DEFINED (__vector_dispatch_116)?(. - _ebase_address):__vector_offset_default
 *(.vector_116)
                0x000000009d001238                . = ALIGN (0x4)
                0x00000000000012f8                __vector_offset_117 = DEFINED (__vector_dispatch_117)?(. - _ebase_address):__vector_offset_default
 *(.vector_117)
                0x000000009d001238                . = ALIGN (0x4)
                0x00000000000012f8                __vector_offset_118 = DEFINED (__vector_dispatch_118)?(. - _ebase_address):__vector_offset_default
 *(.vector_118)
                0x000000009d001238                . = ALIGN (0x4)
                0x0000000000001238                __vector_offset_119 = DEFINED (__vector_dispatch_119)?(. - _ebase_address):__vector_offset_default
 *(.vector_119)
 .vector_119    0x000000009d001238        0x8 build/pic32mz2048efm/production/_ext/2011215161/interrupts.o
                0x000000009d001238                __vector_dispatch_119
                0x000000009d001240                . = ALIGN (0x4)
                0x00000000000012f8                __vector_offset_120 = DEFINED (__vector_dispatch_120)?(. - _ebase_address):__vector_offset_default
 *(.vector_120)
                0x000000009d001240                . = ALIGN (0x4)
                0x00000000000012f8                __vector_offset_121 = DEFINED (__vector_dispatch_121)?(. - _ebase_address):__vector_offset_default
 *(.vector_121)
                0x000000009d001240                . = ALIGN (0x4)
                0x00000000000012f8                __vector_offset_122 = DEFINED (__vector_dispatch_122)?(. - _ebase_address):__vector_offset_default
 *(.vector_122)
                0x000000009d001240                . = ALIGN (0x4)
                0x00000000000012f8                __vector_offset_123 = DEFINED (__vector_dispatch_123)?(. - _ebase_address):__vector_offset_default
 *(.vector_123)
                0x000000009d001240                . = ALIGN (0x4)
                0x00000000000012f8                __vector_offset_124 = DEFINED (__vector_dispatch_124)?(. - _ebase_address):__vector_offset_default
 *(.vector_124)
                0x000000009d001240                . = ALIGN (0x4)
                0x00000000000012f8                __vector_offset_125 = DEFINED (__vector_dispatch_125)?(. - _ebase_address):__vector_offset_default
 *(.vector_125)
                0x000000009d001240                . = ALIGN (0x4)
                0x0000000000001240                __vector_offset_126 = DEFINED (__vector_dispatch_126)?(. - _ebase_address):__vector_offset_default
 *(.vector_126)
 .vector_126    0x000000009d001240        0x8 build/pic32mz2048efm/production/_ext/2011215161/interrupts.o
                0x000000009d001240                __vector_dispatch_126
                0x000000009d001248                . = ALIGN (0x4)
                0x00000000000012f8                __vector_offset_127 = DEFINED (__vector_dispatch_127)?(. - _ebase_address):__vector_offset_default
 *(.vector_127)
                0x000000009d001248                . = ALIGN (0x4)
                0x00000000000012f8                __vector_offset_128 = DEFINED (__vector_dispatch_128)?(. - _ebase_address):__vector_offset_default
 *(.vector_128)
                0x000000009d001248                . = ALIGN (0x4)
                0x00000000000012f8                __vector_offset_129 = DEFINED (__vector_dispatch_129)?(. - _ebase_address):__vector_offset_default
 *(.vector_129)
                0x000000009d001248                . = ALIGN (0x4)
                0x00000000000012f8                __vector_offset_130 = DEFINED (__vector_dispatch_130)?(. - _ebase_address):__vector_offset_default
 *(.vector_130)
                0x000000009d001248                . = ALIGN (0x4)
                0x00000000000012f8                __vector_offset_131 = DEFINED (__vector_dispatch_131)?(. - _ebase_address):__vector_offset_default
 *(.vector_131)
                0x000000009d001248                . = ALIGN (0x4)
                0x0000000000001248                __vector_offset_132 = DEFINED (__vector_dispatch_132)?(. - _ebase_address):__vector_offset_default
 *(.vector_132)
 .vector_132    0x000000009d001248        0x8 build/pic32mz2048efm/production/_ext/2011215161/interrupts.o
                0x000000009d001248                __vector_dispatch_132
                0x000000009d001250                . = ALIGN (0x4)
                0x0000000000001250                __vector_offset_133 = DEFINED (__vector_dispatch_133)?(. - _ebase_address):__vector_offset_default
 *(.vector_133)
 .vector_133    0x000000009d001250        0x8 build/pic32mz2048efm/production/_ext/2011215161/interrupts.o
                0x000000009d001250                __vector_dispatch_133
                0x000000009d001258                . = ALIGN (0x4)
                0x00000000000012f8                __vector_offset_134 = DEFINED (__vector_dispatch_134)?(. - _ebase_address):__vector_offset_default
 *(.vector_134)
                0x000000009d001258                . = ALIGN (0x4)
                0x00000000000012f8                __vector_offset_135 = DEFINED (__vector_dispatch_135)?(. - _ebase_address):__vector_offset_default
 *(.vector_135)
                0x000000009d001258                . = ALIGN (0x4)
                0x00000000000012f8                __vector_offset_136 = DEFINED (__vector_dispatch_136)?(. - _ebase_address):__vector_offset_default
 *(.vector_136)
                0x000000009d001258                . = ALIGN (0x4)
                0x00000000000012f8                __vector_offset_137 = DEFINED (__vector_dispatch_137)?(. - _ebase_address):__vector_offset_default
 *(.vector_137)
                0x000000009d001258                . = ALIGN (0x4)
                0x00000000000012f8                __vector_offset_138 = DEFINED (__vector_dispatch_138)?(. - _ebase_address):__vector_offset_default
 *(.vector_138)
                0x000000009d001258                . = ALIGN (0x4)
                0x00000000000012f8                __vector_offset_139 = DEFINED (__vector_dispatch_139)?(. - _ebase_address):__vector_offset_default
 *(.vector_139)
                0x000000009d001258                . = ALIGN (0x4)
                0x00000000000012f8                __vector_offset_140 = DEFINED (__vector_dispatch_140)?(. - _ebase_address):__vector_offset_default
 *(.vector_140)
                0x000000009d001258                . = ALIGN (0x4)
                0x00000000000012f8                __vector_offset_141 = DEFINED (__vector_dispatch_141)?(. - _ebase_address):__vector_offset_default
 *(.vector_141)
                0x000000009d001258                . = ALIGN (0x4)
                0x00000000000012f8                __vector_offset_142 = DEFINED (__vector_dispatch_142)?(. - _ebase_address):__vector_offset_default
 *(.vector_142)
                0x000000009d001258                . = ALIGN (0x4)
                0x0000000000001258                __vector_offset_143 = DEFINED (__vector_dispatch_143)?(. - _ebase_address):__vector_offset_default
 *(.vector_143)
 .vector_143    0x000000009d001258        0x8 build/pic32mz2048efm/production/_ext/2011215161/interrupts.o
                0x000000009d001258                __vector_dispatch_143
                0x000000009d001260                . = ALIGN (0x4)
                0x0000000000001260                __vector_offset_144 = DEFINED (__vector_dispatch_144)?(. - _ebase_address):__vector_offset_default
 *(.vector_144)
 .vector_144    0x000000009d001260        0x8 build/pic32mz2048efm/production/_ext/2011215161/interrupts.o
                0x000000009d001260                __vector_dispatch_144
                0x000000009d001268                . = ALIGN (0x4)
                0x0000000000001268                __vector_offset_145 = DEFINED (__vector_dispatch_145)?(. - _ebase_address):__vector_offset_default
 *(.vector_145)
 .vector_145    0x000000009d001268        0x8 build/pic32mz2048efm/production/_ext/2011215161/interrupts.o
                0x000000009d001268                __vector_dispatch_145
                0x000000009d001270                . = ALIGN (0x4)
                0x0000000000001270                __vector_offset_146 = DEFINED (__vector_dispatch_146)?(. - _ebase_address):__vector_offset_default
 *(.vector_146)
 .vector_146    0x000000009d001270        0x8 build/pic32mz2048efm/production/_ext/2011215161/interrupts.o
                0x000000009d001270                __vector_dispatch_146
                0x000000009d001278                . = ALIGN (0x4)
                0x0000000000001278                __vector_offset_147 = DEFINED (__vector_dispatch_147)?(. - _ebase_address):__vector_offset_default
 *(.vector_147)
 .vector_147    0x000000009d001278        0x8 build/pic32mz2048efm/production/_ext/2011215161/interrupts.o
                0x000000009d001278                __vector_dispatch_147
                0x000000009d001280                . = ALIGN (0x4)
                0x0000000000001280                __vector_offset_148 = DEFINED (__vector_dispatch_148)?(. - _ebase_address):__vector_offset_default
 *(.vector_148)
 .vector_148    0x000000009d001280        0x8 build/pic32mz2048efm/production/_ext/2011215161/interrupts.o
                0x000000009d001280                __vector_dispatch_148
                0x000000009d001288                . = ALIGN (0x4)
                0x00000000000012f8                __vector_offset_149 = DEFINED (__vector_dispatch_149)?(. - _ebase_address):__vector_offset_default
 *(.vector_149)
                0x000000009d001288                . = ALIGN (0x4)
                0x0000000000001288                __vector_offset_150 = DEFINED (__vector_dispatch_150)?(. - _ebase_address):__vector_offset_default
 *(.vector_150)
 .vector_150    0x000000009d001288        0x8 build/pic32mz2048efm/production/_ext/2011215161/interrupts.o
                0x000000009d001288                __vector_dispatch_150
                0x000000009d001290                . = ALIGN (0x4)
                0x00000000000012f8                __vector_offset_151 = DEFINED (__vector_dispatch_151)?(. - _ebase_address):__vector_offset_default
 *(.vector_151)
                0x000000009d001290                . = ALIGN (0x4)
                0x00000000000012f8                __vector_offset_152 = DEFINED (__vector_dispatch_152)?(. - _ebase_address):__vector_offset_default
 *(.vector_152)
                0x000000009d001290                . = ALIGN (0x4)
                0x00000000000012f8                __vector_offset_153 = DEFINED (__vector_dispatch_153)?(. - _ebase_address):__vector_offset_default
 *(.vector_153)
                0x000000009d001290                . = ALIGN (0x4)
                0x00000000000012f8                __vector_offset_154 = DEFINED (__vector_dispatch_154)?(. - _ebase_address):__vector_offset_default
 *(.vector_154)
                0x000000009d001290                . = ALIGN (0x4)
                0x00000000000012f8                __vector_offset_155 = DEFINED (__vector_dispatch_155)?(. - _ebase_address):__vector_offset_default
 *(.vector_155)
                0x000000009d001290                . = ALIGN (0x4)
                0x00000000000012f8                __vector_offset_156 = DEFINED (__vector_dispatch_156)?(. - _ebase_address):__vector_offset_default
 *(.vector_156)
                0x000000009d001290                . = ALIGN (0x4)
                0x0000000000001290                __vector_offset_157 = DEFINED (__vector_dispatch_157)?(. - _ebase_address):__vector_offset_default
 *(.vector_157)
 .vector_157    0x000000009d001290        0x8 build/pic32mz2048efm/production/_ext/2011215161/interrupts.o
                0x000000009d001290                __vector_dispatch_157
                0x000000009d001298                . = ALIGN (0x4)
                0x0000000000001298                __vector_offset_158 = DEFINED (__vector_dispatch_158)?(. - _ebase_address):__vector_offset_default
 *(.vector_158)
 .vector_158    0x000000009d001298        0x8 build/pic32mz2048efm/production/_ext/2011215161/interrupts.o
                0x000000009d001298                __vector_dispatch_158
                0x000000009d0012a0                . = ALIGN (0x4)
                0x00000000000012a0                __vector_offset_159 = DEFINED (__vector_dispatch_159)?(. - _ebase_address):__vector_offset_default
 *(.vector_159)
 .vector_159    0x000000009d0012a0        0x8 build/pic32mz2048efm/production/_ext/2011215161/interrupts.o
                0x000000009d0012a0                __vector_dispatch_159
                0x000000009d0012a8                . = ALIGN (0x4)
                0x00000000000012f8                __vector_offset_160 = DEFINED (__vector_dispatch_160)?(. - _ebase_address):__vector_offset_default
 *(.vector_160)
                0x000000009d0012a8                . = ALIGN (0x4)
                0x00000000000012f8                __vector_offset_161 = DEFINED (__vector_dispatch_161)?(. - _ebase_address):__vector_offset_default
 *(.vector_161)
                0x000000009d0012a8                . = ALIGN (0x4)
                0x00000000000012f8                __vector_offset_162 = DEFINED (__vector_dispatch_162)?(. - _ebase_address):__vector_offset_default
 *(.vector_162)
                0x000000009d0012a8                . = ALIGN (0x4)
                0x00000000000012f8                __vector_offset_163 = DEFINED (__vector_dispatch_163)?(. - _ebase_address):__vector_offset_default
 *(.vector_163)
                0x000000009d0012a8                . = ALIGN (0x4)
                0x00000000000012a8                __vector_offset_164 = DEFINED (__vector_dispatch_164)?(. - _ebase_address):__vector_offset_default
 *(.vector_164)
 .vector_164    0x000000009d0012a8        0x8 build/pic32mz2048efm/production/_ext/2011215161/interrupts.o
                0x000000009d0012a8                __vector_dispatch_164
                0x000000009d0012b0                . = ALIGN (0x4)
                0x00000000000012b0                __vector_offset_165 = DEFINED (__vector_dispatch_165)?(. - _ebase_address):__vector_offset_default
 *(.vector_165)
 .vector_165    0x000000009d0012b0        0x8 build/pic32mz2048efm/production/_ext/2011215161/interrupts.o
                0x000000009d0012b0                __vector_dispatch_165
                0x000000009d0012b8                . = ALIGN (0x4)
                0x00000000000012b8                __vector_offset_166 = DEFINED (__vector_dispatch_166)?(. - _ebase_address):__vector_offset_default
 *(.vector_166)
 .vector_166    0x000000009d0012b8        0x8 build/pic32mz2048efm/production/_ext/2011215161/interrupts.o
                0x000000009d0012b8                __vector_dispatch_166
                0x000000009d0012c0                . = ALIGN (0x4)
                0x00000000000012f8                __vector_offset_167 = DEFINED (__vector_dispatch_167)?(. - _ebase_address):__vector_offset_default
 *(.vector_167)
                0x000000009d0012c0                . = ALIGN (0x4)
                0x00000000000012f8                __vector_offset_168 = DEFINED (__vector_dispatch_168)?(. - _ebase_address):__vector_offset_default
 *(.vector_168)
                0x000000009d0012c0                . = ALIGN (0x4)
                0x00000000000012f8                __vector_offset_169 = DEFINED (__vector_dispatch_169)?(. - _ebase_address):__vector_offset_default
 *(.vector_169)
                0x000000009d0012c0                . = ALIGN (0x4)
                0x00000000000012f8                __vector_offset_170 = DEFINED (__vector_dispatch_170)?(. - _ebase_address):__vector_offset_default
 *(.vector_170)
                0x000000009d0012c0                . = ALIGN (0x4)
                0x00000000000012f8                __vector_offset_171 = DEFINED (__vector_dispatch_171)?(. - _ebase_address):__vector_offset_default
 *(.vector_171)
                0x000000009d0012c0                . = ALIGN (0x4)
                0x00000000000012f8                __vector_offset_172 = DEFINED (__vector_dispatch_172)?(. - _ebase_address):__vector_offset_default
 *(.vector_172)
                0x000000009d0012c0                . = ALIGN (0x4)
                0x00000000000012c0                __vector_offset_173 = DEFINED (__vector_dispatch_173)?(. - _ebase_address):__vector_offset_default
 *(.vector_173)
 .vector_173    0x000000009d0012c0        0x8 build/pic32mz2048efm/production/_ext/2011215161/interrupts.o
                0x000000009d0012c0                __vector_dispatch_173
                0x000000009d0012c8                . = ALIGN (0x4)
                0x00000000000012f8                __vector_offset_174 = DEFINED (__vector_dispatch_174)?(. - _ebase_address):__vector_offset_default
 *(.vector_174)
                0x000000009d0012c8                . = ALIGN (0x4)
                0x00000000000012c8                __vector_offset_175 = DEFINED (__vector_dispatch_175)?(. - _ebase_address):__vector_offset_default
 *(.vector_175)
 .vector_175    0x000000009d0012c8        0x8 build/pic32mz2048efm/production/_ext/2011215161/interrupts.o
                0x000000009d0012c8                __vector_dispatch_175
                0x000000009d0012d0                . = ALIGN (0x4)
                0x00000000000012f8                __vector_offset_176 = DEFINED (__vector_dispatch_176)?(. - _ebase_address):__vector_offset_default
 *(.vector_176)
                0x000000009d0012d0                . = ALIGN (0x4)
                0x00000000000012d0                __vector_offset_177 = DEFINED (__vector_dispatch_177)?(. - _ebase_address):__vector_offset_default
 *(.vector_177)
 .vector_177    0x000000009d0012d0        0x8 build/pic32mz2048efm/production/_ext/2011215161/interrupts.o
                0x000000009d0012d0                __vector_dispatch_177
                0x000000009d0012d8                . = ALIGN (0x4)
                0x00000000000012d8                __vector_offset_178 = DEFINED (__vector_dispatch_178)?(. - _ebase_address):__vector_offset_default
 *(.vector_178)
 .vector_178    0x000000009d0012d8        0x8 build/pic32mz2048efm/production/_ext/2011215161/interrupts.o
                0x000000009d0012d8                __vector_dispatch_178
                0x000000009d0012e0                . = ALIGN (0x4)
                0x00000000000012f8                __vector_offset_179 = DEFINED (__vector_dispatch_179)?(. - _ebase_address):__vector_offset_default
 *(.vector_179)
                0x000000009d0012e0                . = ALIGN (0x4)
                0x00000000000012f8                __vector_offset_180 = DEFINED (__vector_dispatch_180)?(. - _ebase_address):__vector_offset_default
 *(.vector_180)
                0x000000009d0012e0                . = ALIGN (0x4)
                0x00000000000012f8                __vector_offset_181 = DEFINED (__vector_dispatch_181)?(. - _ebase_address):__vector_offset_default
 *(.vector_181)
                0x000000009d0012e0                . = ALIGN (0x4)
                0x00000000000012f8                __vector_offset_182 = DEFINED (__vector_dispatch_182)?(. - _ebase_address):__vector_offset_default
 *(.vector_182)
                0x000000009d0012e0                . = ALIGN (0x4)
                0x00000000000012f8                __vector_offset_183 = DEFINED (__vector_dispatch_183)?(. - _ebase_address):__vector_offset_default
 *(.vector_183)
                0x000000009d0012e0                . = ALIGN (0x4)
                0x00000000000012f8                __vector_offset_184 = DEFINED (__vector_dispatch_184)?(. - _ebase_address):__vector_offset_default
 *(.vector_184)
                0x000000009d0012e0                . = ALIGN (0x4)
                0x00000000000012f8                __vector_offset_185 = DEFINED (__vector_dispatch_185)?(. - _ebase_address):__vector_offset_default
 *(.vector_185)
                0x000000009d0012e0                . = ALIGN (0x4)
                0x00000000000012f8                __vector_offset_186 = DEFINED (__vector_dispatch_186)?(. - _ebase_address):__vector_offset_default
 *(.vector_186)
                0x000000009d0012e0                . = ALIGN (0x4)
                0x00000000000012f8                __vector_offset_187 = DEFINED (__vector_dispatch_187)?(. - _ebase_address):__vector_offset_default
 *(.vector_187)
                0x000000009d0012e0                . = ALIGN (0x4)
                0x00000000000012e0                __vector_offset_188 = DEFINED (__vector_dispatch_188)?(. - _ebase_address):__vector_offset_default
 *(.vector_188)
 .vector_188    0x000000009d0012e0        0x8 build/pic32mz2048efm/production/_ext/2011215161/interrupts.o
                0x000000009d0012e0                __vector_dispatch_188
                0x000000009d0012e8                . = ALIGN (0x4)
                0x00000000000012e8                __vector_offset_189 = DEFINED (__vector_dispatch_189)?(. - _ebase_address):__vector_offset_default
 *(.vector_189)
 .vector_189    0x000000009d0012e8        0x8 build/pic32mz2048efm/production/_ext/2011215161/interrupts.o
                0x000000009d0012e8                __vector_dispatch_189
                0x000000009d0012f0                . = ALIGN (0x4)
                0x00000000000012f0                __vector_offset_190 = DEFINED (__vector_dispatch_190)?(. - _ebase_address):__vector_offset_default
 *(.vector_190)
 .vector_190    0x000000009d0012f0        0x8 build/pic32mz2048efm/production/_ext/2011215161/interrupts.o
                0x000000009d0012f0                __vector_dispatch_190
                0x000000009d0012f8                . = ALIGN (0x4)
                0x00000000000012f8                __vector_offset_191 = DEFINED (__vector_dispatch_191)?(. - _ebase_address):__vector_offset_default
 *(.vector_191)
                0x000000009d0012f8                . = ALIGN (0x4)
                0x00000000000012f8                __vector_offset_192 = DEFINED (__vector_dispatch_192)?(. - _ebase_address):__vector_offset_default
 *(.vector_192)
                0x000000009d0012f8                . = ALIGN (0x4)
                0x00000000000012f8                __vector_offset_193 = DEFINED (__vector_dispatch_193)?(. - _ebase_address):__vector_offset_default
 *(.vector_193)
                0x000000009d0012f8                . = ALIGN (0x4)
                0x00000000000012f8                __vector_offset_194 = DEFINED (__vector_dispatch_194)?(. - _ebase_address):__vector_offset_default
 *(.vector_194)
                0x000000009d0012f8                . = ALIGN (0x4)
                0x00000000000012f8                __vector_offset_195 = DEFINED (__vector_dispatch_195)?(. - _ebase_address):__vector_offset_default
 *(.vector_195)
                0x000000009d0012f8                . = ALIGN (0x4)
                0x00000000000012f8                __vector_offset_196 = DEFINED (__vector_dispatch_196)?(. - _ebase_address):__vector_offset_default
 *(.vector_196)
                0x000000009d0012f8                . = ALIGN (0x4)
                0x00000000000012f8                __vector_offset_197 = DEFINED (__vector_dispatch_197)?(. - _ebase_address):__vector_offset_default
 *(.vector_197)
                0x000000009d0012f8                . = ALIGN (0x4)
                0x00000000000012f8                __vector_offset_198 = DEFINED (__vector_dispatch_198)?(. - _ebase_address):__vector_offset_default
 *(.vector_198)
                0x000000009d0012f8                . = ALIGN (0x4)
                0x00000000000012f8                __vector_offset_199 = DEFINED (__vector_dispatch_199)?(. - _ebase_address):__vector_offset_default
 *(.vector_199)
                0x000000009d0012f8                . = ALIGN (0x4)
                0x00000000000012f8                __vector_offset_200 = DEFINED (__vector_dispatch_200)?(. - _ebase_address):__vector_offset_default
 *(.vector_200)
                0x000000009d0012f8                . = ALIGN (0x4)
                0x00000000000012f8                __vector_offset_201 = DEFINED (__vector_dispatch_201)?(. - _ebase_address):__vector_offset_default
 *(.vector_201)
                0x000000009d0012f8                . = ALIGN (0x4)
                0x00000000000012f8                __vector_offset_202 = DEFINED (__vector_dispatch_202)?(. - _ebase_address):__vector_offset_default
 *(.vector_202)
                0x000000009d0012f8                . = ALIGN (0x4)
                0x00000000000012f8                __vector_offset_203 = DEFINED (__vector_dispatch_203)?(. - _ebase_address):__vector_offset_default
 *(.vector_203)
                0x000000009d0012f8                . = ALIGN (0x4)
                0x00000000000012f8                __vector_offset_204 = DEFINED (__vector_dispatch_204)?(. - _ebase_address):__vector_offset_default
 *(.vector_204)
                0x000000009d0012f8                . = ALIGN (0x4)
                0x00000000000012f8                __vector_offset_205 = DEFINED (__vector_dispatch_205)?(. - _ebase_address):__vector_offset_default
 *(.vector_205)
                0x000000009d0012f8                . = ALIGN (0x4)
                0x00000000000012f8                __vector_offset_206 = DEFINED (__vector_dispatch_206)?(. - _ebase_address):__vector_offset_default
 *(.vector_206)
                0x000000009d0012f8                . = ALIGN (0x4)
                0x00000000000012f8                __vector_offset_207 = DEFINED (__vector_dispatch_207)?(. - _ebase_address):__vector_offset_default
 *(.vector_207)
                0x000000009d0012f8                . = ALIGN (0x4)
                0x00000000000012f8                __vector_offset_208 = DEFINED (__vector_dispatch_208)?(. - _ebase_address):__vector_offset_default
 *(.vector_208)
                0x000000009d0012f8                . = ALIGN (0x4)
                0x00000000000012f8                __vector_offset_209 = DEFINED (__vector_dispatch_209)?(. - _ebase_address):__vector_offset_default
 *(.vector_209)
                0x000000009d0012f8                . = ALIGN (0x4)
                0x00000000000012f8                __vector_offset_210 = DEFINED (__vector_dispatch_210)?(. - _ebase_address):__vector_offset_default
 *(.vector_210)
                0x000000009d0012f8                . = ALIGN (0x4)
                0x00000000000012f8                __vector_offset_211 = DEFINED (__vector_dispatch_211)?(. - _ebase_address):__vector_offset_default
 *(.vector_211)
                0x000000009d0012f8                . = ALIGN (0x4)
                0x00000000000012f8                __vector_offset_212 = DEFINED (__vector_dispatch_212)?(. - _ebase_address):__vector_offset_default
 *(.vector_212)
                0x000000009d0012f8                . = ALIGN (0x4)
                0x00000000000012f8                __vector_offset_213 = DEFINED (__vector_dispatch_213)?(. - _ebase_address):__vector_offset_default
 *(.vector_213)
                0x000000009d0012f8                . = ALIGN (0x4)
                0x00000000000012f8                __vector_offset_214 = DEFINED (__vector_dispatch_214)?(. - _ebase_address):__vector_offset_default
 *(.vector_214)
                0x000000009d0012f8                . = ALIGN (0x4)
                0x00000000000012f8                __vector_offset_215 = DEFINED (__vector_dispatch_215)?(. - _ebase_address):__vector_offset_default
 *(.vector_215)
                0x000000009d0012f8                . = ALIGN (0x4)
                0x00000000000012f8                __vector_offset_216 = DEFINED (__vector_dispatch_216)?(. - _ebase_address):__vector_offset_default
 *(.vector_216)
                0x000000009d0012f8                . = ALIGN (0x4)
                0x00000000000012f8                __vector_offset_217 = DEFINED (__vector_dispatch_217)?(. - _ebase_address):__vector_offset_default
 *(.vector_217)
                0x000000009d0012f8                . = ALIGN (0x4)
                0x00000000000012f8                __vector_offset_218 = DEFINED (__vector_dispatch_218)?(. - _ebase_address):__vector_offset_default
 *(.vector_218)
                0x000000009d0012f8                . = ALIGN (0x4)
                0x00000000000012f8                __vector_offset_219 = DEFINED (__vector_dispatch_219)?(. - _ebase_address):__vector_offset_default
 *(.vector_219)
                0x000000009d0012f8                . = ALIGN (0x4)
                0x00000000000012f8                __vector_offset_220 = DEFINED (__vector_dispatch_220)?(. - _ebase_address):__vector_offset_default
 *(.vector_220)
                0x000000009d0012f8                . = ALIGN (0x4)
                0x00000000000012f8                __vector_offset_221 = DEFINED (__vector_dispatch_221)?(. - _ebase_address):__vector_offset_default
 *(.vector_221)
                0x000000009d0012f8                . = ALIGN (0x4)
                0x00000000000012f8                __vector_offset_222 = DEFINED (__vector_dispatch_222)?(. - _ebase_address):__vector_offset_default
 *(.vector_222)
                0x000000009d0012f8                . = ALIGN (0x4)
                0x00000000000012f8                __vector_offset_223 = DEFINED (__vector_dispatch_223)?(. - _ebase_address):__vector_offset_default
 *(.vector_223)
                0x000000009d0012f8                . = ALIGN (0x4)
                0x00000000000012f8                __vector_offset_224 = DEFINED (__vector_dispatch_224)?(. - _ebase_address):__vector_offset_default
 *(.vector_224)
                0x000000009d0012f8                . = ALIGN (0x4)
                0x00000000000012f8                __vector_offset_225 = DEFINED (__vector_dispatch_225)?(. - _ebase_address):__vector_offset_default
 *(.vector_225)
                0x000000009d0012f8                . = ALIGN (0x4)
                0x00000000000012f8                __vector_offset_226 = DEFINED (__vector_dispatch_226)?(. - _ebase_address):__vector_offset_default
 *(.vector_226)
                0x000000009d0012f8                . = ALIGN (0x4)
                0x00000000000012f8                __vector_offset_227 = DEFINED (__vector_dispatch_227)?(. - _ebase_address):__vector_offset_default
 *(.vector_227)
                0x000000009d0012f8                . = ALIGN (0x4)
                0x00000000000012f8                __vector_offset_228 = DEFINED (__vector_dispatch_228)?(. - _ebase_address):__vector_offset_default
 *(.vector_228)
                0x000000009d0012f8                . = ALIGN (0x4)
                0x00000000000012f8                __vector_offset_229 = DEFINED (__vector_dispatch_229)?(. - _ebase_address):__vector_offset_default
 *(.vector_229)
                0x000000009d0012f8                . = ALIGN (0x4)
                0x00000000000012f8                __vector_offset_230 = DEFINED (__vector_dispatch_230)?(. - _ebase_address):__vector_offset_default
 *(.vector_230)
                0x000000009d0012f8                . = ALIGN (0x4)
                0x00000000000012f8                __vector_offset_231 = DEFINED (__vector_dispatch_231)?(. - _ebase_address):__vector_offset_default
 *(.vector_231)
                0x000000009d0012f8                . = ALIGN (0x4)
                0x00000000000012f8                __vector_offset_232 = DEFINED (__vector_dispatch_232)?(. - _ebase_address):__vector_offset_default
 *(.vector_232)
                0x000000009d0012f8                . = ALIGN (0x4)
                0x00000000000012f8                __vector_offset_233 = DEFINED (__vector_dispatch_233)?(. - _ebase_address):__vector_offset_default
 *(.vector_233)
                0x000000009d0012f8                . = ALIGN (0x4)
                0x00000000000012f8                __vector_offset_234 = DEFINED (__vector_dispatch_234)?(. - _ebase_address):__vector_offset_default
 *(.vector_234)
                0x000000009d0012f8                . = ALIGN (0x4)
                0x00000000000012f8                __vector_offset_235 = DEFINED (__vector_dispatch_235)?(. - _ebase_address):__vector_offset_default
 *(.vector_235)
                0x000000009d0012f8                . = ALIGN (0x4)
                0x00000000000012f8                __vector_offset_236 = DEFINED (__vector_dispatch_236)?(. - _ebase_address):__vector_offset_default
 *(.vector_236)
                0x000000009d0012f8                . = ALIGN (0x4)
                0x00000000000012f8                __vector_offset_237 = DEFINED (__vector_dispatch_237)?(. - _ebase_address):__vector_offset_default
 *(.vector_237)
                0x000000009d0012f8                . = ALIGN (0x4)
                0x00000000000012f8                __vector_offset_238 = DEFINED (__vector_dispatch_238)?(. - _ebase_address):__vector_offset_default
 *(.vector_238)
                0x000000009d0012f8                . = ALIGN (0x4)
                0x00000000000012f8                __vector_offset_239 = DEFINED (__vector_dispatch_239)?(. - _ebase_address):__vector_offset_default
 *(.vector_239)
                0x000000009d0012f8                . = ALIGN (0x4)
                0x00000000000012f8                __vector_offset_240 = DEFINED (__vector_dispatch_240)?(. - _ebase_address):__vector_offset_default
 *(.vector_240)
                0x000000009d0012f8                . = ALIGN (0x4)
                0x00000000000012f8                __vector_offset_241 = DEFINED (__vector_dispatch_241)?(. - _ebase_address):__vector_offset_default
 *(.vector_241)
                0x000000009d0012f8                . = ALIGN (0x4)
                0x00000000000012f8                __vector_offset_242 = DEFINED (__vector_dispatch_242)?(. - _ebase_address):__vector_offset_default
 *(.vector_242)
                0x000000009d0012f8                . = ALIGN (0x4)
                0x00000000000012f8                __vector_offset_243 = DEFINED (__vector_dispatch_243)?(. - _ebase_address):__vector_offset_default
 *(.vector_243)
                0x000000009d0012f8                . = ALIGN (0x4)
                0x00000000000012f8                __vector_offset_244 = DEFINED (__vector_dispatch_244)?(. - _ebase_address):__vector_offset_default
 *(.vector_244)
                0x000000009d0012f8                . = ALIGN (0x4)
                0x00000000000012f8                __vector_offset_245 = DEFINED (__vector_dispatch_245)?(. - _ebase_address):__vector_offset_default
 *(.vector_245)
                0x000000009d0012f8                . = ALIGN (0x4)
                0x00000000000012f8                __vector_offset_246 = DEFINED (__vector_dispatch_246)?(. - _ebase_address):__vector_offset_default
 *(.vector_246)
                0x000000009d0012f8                . = ALIGN (0x4)
                0x00000000000012f8                __vector_offset_247 = DEFINED (__vector_dispatch_247)?(. - _ebase_address):__vector_offset_default
 *(.vector_247)
                0x000000009d0012f8                . = ALIGN (0x4)
                0x00000000000012f8                __vector_offset_248 = DEFINED (__vector_dispatch_248)?(. - _ebase_address):__vector_offset_default
 *(.vector_248)
                0x000000009d0012f8                . = ALIGN (0x4)
                0x00000000000012f8                __vector_offset_249 = DEFINED (__vector_dispatch_249)?(. - _ebase_address):__vector_offset_default
 *(.vector_249)
                0x000000009d0012f8                . = ALIGN (0x4)
                0x00000000000012f8                __vector_offset_250 = DEFINED (__vector_dispatch_250)?(. - _ebase_address):__vector_offset_default
 *(.vector_250)
                0x000000009d0012f8                . = ALIGN (0x4)
                0x00000000000012f8                __vector_offset_251 = DEFINED (__vector_dispatch_251)?(. - _ebase_address):__vector_offset_default
 *(.vector_251)
                0x000000009d0012f8                . = ALIGN (0x4)
                0x00000000000012f8                __vector_offset_252 = DEFINED (__vector_dispatch_252)?(. - _ebase_address):__vector_offset_default
 *(.vector_252)
                0x000000009d0012f8                . = ALIGN (0x4)
                0x00000000000012f8                __vector_offset_253 = DEFINED (__vector_dispatch_253)?(. - _ebase_address):__vector_offset_default
 *(.vector_253)
                0x000000009d0012f8                . = ALIGN (0x4)
                0x00000000000012f8                __vector_offset_254 = DEFINED (__vector_dispatch_254)?(. - _ebase_address):__vector_offset_default
 *(.vector_254)
                0x000000009d0012f8                . = ALIGN (0x4)
                0x00000000000012f8                __vector_offset_255 = DEFINED (__vector_dispatch_255)?(. - _ebase_address):__vector_offset_default
 *(.vector_255)
                0x000000009d0012f8                . = ALIGN (0x4)
                0x00000000000012f8                __vector_offset_default = (. - _ebase_address)
 *(.vector_default)
 .vector_default
                0x000000009d0012f8       0x48 /opt/microchip/xc32/v3.01/bin/bin/../../lib/gcc/pic32mx/8.3.1/../../../../pic32mx/lib/fpu64/libpic32.a(defaultinterrupt.o)
                0x000000009d0012f8                _DefaultInterrupt

.text           0x000000009d001340        0x0
 *(.stub .gnu.linkonce.t.*)
 *(.text.*personality*)
 *(.mips16.fn.*)
 *(.mips16.call.*)
 *(.gnu.warning)
                0x000000009d001340                . = ALIGN (0x4)

.init           0x000000009d001340        0x0
 *crti.o(.init)
 *crtbegin.o(.init)
 *(EXCLUDE_FILE(*crtn.o *crtend?.o *crtend.o) .init)
 *crtend.o(.init)
 *crtn.o(.init)
                0x000000009d001340                . = ALIGN (0x4)

.fini           0x000000009d001340        0x0
 *(.fini)
                0x000000009d001340                . = ALIGN (0x4)

.preinit_array  0x000000009d001340        0x0
                [!provide]                        PROVIDE (__preinit_array_start = .)
 *(.preinit_array)
                [!provide]                        PROVIDE (__preinit_array_end = .)
                0x000000009d001340                . = ALIGN (0x4)

.init_array     0x000000009d001340        0x0
                [!provide]                        PROVIDE (__init_array_start = .)
 *(SORT_BY_NAME(.init_array.*))
 *(.init_array)
                [!provide]                        PROVIDE (__init_array_end = .)
                0x000000009d001340                . = ALIGN (0x4)

.fini_array     0x000000009d001340        0x0
                [!provide]                        PROVIDE (__fini_array_start = .)
 *(SORT_BY_NAME(.fini_array.*))
 *(.fini_array)
                [!provide]                        PROVIDE (__fini_array_end = .)
                0x000000009d001340                . = ALIGN (0x4)

.ctors          0x000000009d001340        0x0
 *crtbegin.o(.ctors)
 *crtbegin?.o(.ctors)
 *(EXCLUDE_FILE(*crtend?.o *crtend.o) .ctors)
 *(SORT_BY_NAME(.ctors.*))
 *(.ctors)
                0x000000009d001340                . = ALIGN (0x4)

.dtors          0x000000009d001340        0x0
 *crtbegin.o(.dtors)
 *crtbegin?.o(.dtors)
 *(EXCLUDE_FILE(*crtend?.o *crtend.o) .dtors)
 *(SORT_BY_NAME(.dtors.*))
 *(.dtors)
                0x000000009d001340                . = ALIGN (0x4)

.rodata         0x000000009d001340        0x0
 *(.gnu.linkonce.r.*)
 *(.rodata1)
                0x000000009d001340                . = ALIGN (0x4)

.sdata2         0x000000009d001340        0x0
 *(.sdata2 .sdata2.* .gnu.linkonce.s2.*)
                0x000000009d001340                . = ALIGN (0x4)

.sbss2          0x000000009d001340        0x0
 *(.sbss2 .sbss2.* .gnu.linkonce.sb2.*)
                0x000000009d001340                . = ALIGN (0x4)

.eh_frame_hdr
 *(.eh_frame_hdr)
                0x000000009d001340                . = ALIGN (0x4)

.eh_frame
 *(.eh_frame)
                0x000000009d001340                . = ALIGN (0x4)

.gcc_except_table
 *(.gcc_except_table .gcc_except_table.*)
                0x000000009d001340                . = ALIGN (0x4)

.dbg_data       0x0000000080000000        0x0
                0x0000000080000000                . = (. + DEFINED (_DEBUGGER)?0x200:0x0)
                0x0000000080000000                . = (. + DEFINED (_DEBUGGER)?0x80:0x0)
                0x0000000080000000                . = (. + DEFINED (_DEBUGGER)?0x100:0x0)

.jcr            0x0000000080000000        0x0
 *(.jcr)
                0x0000000080000000                . = ALIGN (0x4)

.eh_frame
 *(.eh_frame)
                0x0000000080000000                . = ALIGN (0x4)

.gcc_except_table
 *(.gcc_except_table .gcc_except_table.*)
                0x0000000080000000                . = ALIGN (0x4)

.persist        0x0000000080000000        0x0
                0x0000000080000000                _persist_begin = .
 *(.persist .persist.*)
                0x0000000080000000                . = ALIGN (0x4)
                0x0000000080000000                _persist_end = .

.data           0x0000000080000000        0x0
 *(.gnu.linkonce.d.*)
 *(.data1)
                0x0000000080000000                . = ALIGN (0x4)
                0x0000000080000000                . = .
                0x0000000080007ff0                _gp = (ALIGN (0x10) + 0x7ff0)

.got            0x0000000080000000        0x0
 *(.got.plt)
 *(.got)
                0x0000000080000000                . = ALIGN (0x4)

.sdata          0x0000000080000000       0x34
                0x0000000080000000                _sdata_begin = .
 *(.sdata .sdata.* .gnu.linkonce.s.*)
 .sdata         0x0000000080000000        0x4 build/pic32mz2048efm/production/_ext/1871117435/plib_coretimer.o
 .sdata         0x0000000080000004        0x2 build/pic32mz2048efm/production/_ext/519320518/sys_time.o
 *fill*         0x0000000080000006        0x2 
 .sdata         0x0000000080000008        0x4 build/pic32mz2048efm/production/_ext/1360937237/communication.o
                0x0000000080000008                uart2Mode
 .sdata         0x000000008000000c        0x4 build/pic32mz2048efm/production/_ext/1360937237/mdot.o
                0x000000008000000c                testMD
 .sdata         0x0000000080000010       0x24 /opt/microchip/xc32/v3.01/bin/bin/../../lib/gcc/pic32mx/8.3.1/../../../../pic32mx/lib/fpu64/libpic32.a(pic32_init_cache.o)
                0x0000000080000010                __pic32_icache_size
                0x0000000080000014                __pic32_icache_linesize
                0x0000000080000018                __pic32_icache_ways
                0x000000008000001c                __pic32_dcache_size
                0x0000000080000020                __pic32_dcache_linesize
                0x0000000080000024                __pic32_dcache_ways
                0x0000000080000028                __pic32_scache_size
                0x000000008000002c                __pic32_scache_linesize
                0x0000000080000030                __pic32_scache_ways
                0x0000000080000034                . = ALIGN (0x4)
                0x0000000080000034                _sdata_end = .

.lit8
 *(.lit8)

.lit4
 *(.lit4)
                0x0000000080000034                . = ALIGN (0x4)
                0x0000000080000034                _data_end = .
                0x0000000080000034                _bss_begin = .

.sbss           0x0000000080000034       0xdc
                0x0000000080000034                _sbss_begin = .
 *(.dynsbss)
 *(.sbss .sbss.* .gnu.linkonce.sb.*)
 .sbss          0x0000000080000034        0x8 build/pic32mz2048efm/production/_ext/1448149901/plib_rtcc.o
 .sbss          0x000000008000003c        0x8 build/pic32mz2048efm/production/_ext/323810894/plib_tmr2.o
 .sbss          0x0000000080000044        0x8 build/pic32mz2048efm/production/_ext/323810894/plib_tmr3.o
 .sbss          0x000000008000004c        0x8 build/pic32mz2048efm/production/_ext/1225530592/ff.o
 .sbss          0x0000000080000054       0x18 build/pic32mz2048efm/production/_ext/1538077638/sys_fs.o
                0x0000000080000054                errorValue
                0x0000000080000058                gSysFsMutex
                0x000000008000005c                gSYSFSCurrentMountPoint
                0x0000000080000064                gSYSFSObj
 .sbss          0x000000008000006c        0x2 build/pic32mz2048efm/production/_ext/1538077638/sys_fs_media_manager.o
                0x000000008000006c                VolToPart
 .sbss          0x000000008000006e        0x1 build/pic32mz2048efm/production/_ext/1538077638/sys_fs_fat_interface.o
 *fill*         0x000000008000006f        0x1 
 .sbss          0x0000000080000070        0x2 build/pic32mz2048efm/production/_ext/196169617/usb_device_cdc.o
                0x0000000080000070                gUSBDeviceCdcCommonDataObj
 *fill*         0x0000000080000072        0x2 
 .sbss          0x0000000080000074        0x4 build/pic32mz2048efm/production/_ext/1230022092/ad5940.o
 .sbss          0x0000000080000078        0x4 build/pic32mz2048efm/production/_ext/1230022092/pic32Port.o
 *fill*         0x000000008000007c        0x4 
 .sbss          0x0000000080000080       0x30 build/pic32mz2048efm/production/_ext/1230022092/ad5940main.o
                0x0000000080000084                x
                0x0000000080000088                testCHIP
                0x000000008000008c                testID
                0x0000000080000090                figaroResult
                0x0000000080000098                figaroPPM
                0x00000000800000a0                temp
                0x00000000800000a4                count
                0x00000000800000a8                IntCount
                0x00000000800000ac                ad5940Data
 .sbss          0x00000000800000b0       0x2c build/pic32mz2048efm/production/_ext/1360937237/app.o
                0x00000000800000b0                flag1sec
                0x00000000800000b4                count1sec
                0x00000000800000b8                flag500ms
                0x00000000800000bc                count500ms
                0x00000000800000c0                flag10ms
                0x00000000800000c4                count10ms
                0x00000000800000c8                flag100ms
                0x00000000800000cc                count100ms
                0x00000000800000d0                latch
                0x00000000800000d4                divider
                0x00000000800000d8                clkFreq
 .sbss          0x00000000800000dc        0x9 build/pic32mz2048efm/production/_ext/1360937237/communication.o
                0x00000000800000dc                rxByteU2
                0x00000000800000dd                uart6_eofFlag
                0x00000000800000de                uart6_timeoutFlag
                0x00000000800000e0                uart6_eof
                0x00000000800000e2                uart6_timeout
                0x00000000800000e4                rxByteU6
 *fill*         0x00000000800000e5        0x3 
 .sbss          0x00000000800000e8        0xe build/pic32mz2048efm/production/_ext/1360937237/mdot.o
                0x00000000800000e8                resTest
                0x00000000800000ec                mDot1SecCount
                0x00000000800000ee                mDotErrorCount
                0x00000000800000f0                mDotSentCount
                0x00000000800000f2                mDotTimoutCount
                0x00000000800000f4                timeout
 *fill*         0x00000000800000f6        0x2 
 .sbss          0x00000000800000f8        0x4 build/pic32mz2048efm/production/_ext/1360937237/nmea.o
                0x00000000800000f8                tok
 .sbss          0x00000000800000fc        0x5 build/pic32mz2048efm/production/_ext/1360937237/time_keeping.o
                0x00000000800000fc                timeData
                0x0000000080000100                rtcc_trigger
 *fill*         0x0000000080000101        0x3 
 .sbss          0x0000000080000104        0xc build/pic32mz2048efm/production/_ext/1360937237/auxillary_sensors.o
                0x0000000080000104                humidity
                0x0000000080000108                temperature
                0x000000008000010c                i2c2tasksData
 *(.scommon)
                0x0000000080000110                _sbss_end = .
                0x0000000080000110                . = ALIGN (0x4)

.bss            0x0000000080000110        0x0
 *(.dynbss)
 *(COMMON)
                0x0000000080000110                . = ALIGN ((. != 0x0)?0x4:0x1)
                0x0000000080000110                . = ALIGN (0x4)
                0x0000000080000110                _end = .
                0x0000000080000110                _bss_end = .
                0x0000000000080000                _bmxdudba_address = LENGTH (kseg0_data_mem)
                0x0000000000080000                _bmxdupba_address = LENGTH (kseg0_data_mem)

/DISCARD/
 *(.pdr)
 *(.rel.dyn)
 *(.note.GNU-stack)
 *(.note.GNU-stack)
 *(.gnu_debuglink)
 *(.gnu.lto_*)
 *(.discard)
 *(._debug_exception)
 *(.config_*)

.gptab.sdata
 *(.gptab.data)
 *(.gptab.sdata)

.gptab.sbss
 *(.gptab.bss)
 *(.gptab.sbss)

.mdebug.abi32   0x0000000000000000        0x0
 *(.mdebug.abi32)
 .mdebug.abi32  0x0000000000000000        0x0 build/pic32mz2048efm/production/_ext/1044926641/drv_sdspi.o
 .mdebug.abi32  0x0000000000000000        0x0 build/pic32mz2048efm/production/_ext/1044926641/drv_sdspi_driver_interface.o
 .mdebug.abi32  0x0000000000000000        0x0 build/pic32mz2048efm/production/_ext/1044926641/drv_sdspi_file_system.o
 .mdebug.abi32  0x0000000000000000        0x0 build/pic32mz2048efm/production/_ext/1807302558/drv_spi.o
 .mdebug.abi32  0x0000000000000000        0x0 build/pic32mz2048efm/production/_ext/1449458886/drv_usbhs.o
 .mdebug.abi32  0x0000000000000000        0x0 build/pic32mz2048efm/production/_ext/1449458886/drv_usbhs_device.o
 .mdebug.abi32  0x0000000000000000        0x0 build/pic32mz2048efm/production/_ext/1928555383/plib_cache.o
 .mdebug.abi32  0x0000000000000000        0x0 build/pic32mz2048efm/production/_ext/323794519/plib_clk.o
 .mdebug.abi32  0x0000000000000000        0x0 build/pic32mz2048efm/production/_ext/1871117435/plib_coretimer.o
 .mdebug.abi32  0x0000000000000000        0x0 build/pic32mz2048efm/production/_ext/1447764726/plib_evic.o
 .mdebug.abi32  0x0000000000000000        0x0 build/pic32mz2048efm/production/_ext/1447818554/plib_gpio.o
 .mdebug.abi32  0x0000000000000000        0x0 build/pic32mz2048efm/production/_ext/1683951966/plib_i2c2_master.o
 .mdebug.abi32  0x0000000000000000        0x0 build/pic32mz2048efm/production/_ext/1683951966/plib_i2c4_master.o
 .mdebug.abi32  0x0000000000000000        0x0 build/pic32mz2048efm/production/_ext/1448149901/plib_rtcc.o
 .mdebug.abi32  0x0000000000000000        0x0 build/pic32mz2048efm/production/_ext/1007818685/plib_spi4_master.o
 .mdebug.abi32  0x0000000000000000        0x0 build/pic32mz2048efm/production/_ext/1007818685/plib_spi5_master.o
 .mdebug.abi32  0x0000000000000000        0x0 build/pic32mz2048efm/production/_ext/1007818685/plib_spi2_master.o
 .mdebug.abi32  0x0000000000000000        0x0 build/pic32mz2048efm/production/_ext/1007818685/plib_spi1_master.o
 .mdebug.abi32  0x0000000000000000        0x0 build/pic32mz2048efm/production/_ext/323810894/plib_tmr2.o
 .mdebug.abi32  0x0000000000000000        0x0 build/pic32mz2048efm/production/_ext/323810894/plib_tmr3.o
 .mdebug.abi32  0x0000000000000000        0x0 build/pic32mz2048efm/production/_ext/1448221497/plib_uart5.o
 .mdebug.abi32  0x0000000000000000        0x0 build/pic32mz2048efm/production/_ext/1448221497/plib_uart6.o
 .mdebug.abi32  0x0000000000000000        0x0 build/pic32mz2048efm/production/_ext/1448221497/plib_uart3.o
 .mdebug.abi32  0x0000000000000000        0x0 build/pic32mz2048efm/production/_ext/1448221497/plib_uart1.o
 .mdebug.abi32  0x0000000000000000        0x0 build/pic32mz2048efm/production/_ext/1448221497/plib_uart2.o
 .mdebug.abi32  0x0000000000000000        0x0 build/pic32mz2048efm/production/_ext/323813500/plib_wdt.o
 .mdebug.abi32  0x0000000000000000        0x0 build/pic32mz2048efm/production/_ext/1212781247/xc32_monitor.o
 .mdebug.abi32  0x0000000000000000        0x0 build/pic32mz2048efm/production/_ext/191419926/sys_cache.o
 .mdebug.abi32  0x0000000000000000        0x0 build/pic32mz2048efm/production/_ext/1336113504/sys_dma.o
 .mdebug.abi32  0x0000000000000000        0x0 build/pic32mz2048efm/production/_ext/1225530592/ff.o
 .mdebug.abi32  0x0000000000000000        0x0 build/pic32mz2048efm/production/_ext/1225530592/ffunicode.o
 .mdebug.abi32  0x0000000000000000        0x0 build/pic32mz2048efm/production/_ext/1545496361/diskio.o
 .mdebug.abi32  0x0000000000000000        0x0 build/pic32mz2048efm/production/_ext/1538077638/sys_fs.o
 .mdebug.abi32  0x0000000000000000        0x0 build/pic32mz2048efm/production/_ext/1538077638/sys_fs_media_manager.o
 .mdebug.abi32  0x0000000000000000        0x0 build/pic32mz2048efm/production/_ext/1538077638/sys_fs_fat_interface.o
 .mdebug.abi32  0x0000000000000000        0x0 build/pic32mz2048efm/production/_ext/2145297452/sys_int.o
 .mdebug.abi32  0x0000000000000000        0x0 build/pic32mz2048efm/production/_ext/519320518/sys_time.o
 .mdebug.abi32  0x0000000000000000        0x0 build/pic32mz2048efm/production/_ext/196169617/usb_device.o
 .mdebug.abi32  0x0000000000000000        0x0 build/pic32mz2048efm/production/_ext/196169617/usb_device_cdc.o
 .mdebug.abi32  0x0000000000000000        0x0 build/pic32mz2048efm/production/_ext/196169617/usb_device_cdc_acm.o
 .mdebug.abi32  0x0000000000000000        0x0 build/pic32mz2048efm/production/_ext/2011215161/usb_device_init_data.o
 .mdebug.abi32  0x0000000000000000        0x0 build/pic32mz2048efm/production/_ext/2011215161/tasks.o
 .mdebug.abi32  0x0000000000000000        0x0 build/pic32mz2048efm/production/_ext/2011215161/initialization.o
 .mdebug.abi32  0x0000000000000000        0x0 build/pic32mz2048efm/production/_ext/2011215161/interrupts.o
 .mdebug.abi32  0x0000000000000000        0x0 build/pic32mz2048efm/production/_ext/2011215161/exceptions.o
 .mdebug.abi32  0x0000000000000000        0x0 build/pic32mz2048efm/production/_ext/858502545/figaro_gpr_fit.o
 .mdebug.abi32  0x0000000000000000        0x0 build/pic32mz2048efm/production/_ext/858502545/figaro_gpr_params.o
 .mdebug.abi32  0x0000000000000000        0x0 build/pic32mz2048efm/production/_ext/858502545/mpfit.o
 .mdebug.abi32  0x0000000000000000        0x0 build/pic32mz2048efm/production/_ext/1230022092/BodyImpedance.o
 .mdebug.abi32  0x0000000000000000        0x0 build/pic32mz2048efm/production/_ext/1230022092/ad5940.o
 .mdebug.abi32  0x0000000000000000        0x0 build/pic32mz2048efm/production/_ext/1230022092/pic32Port.o
 .mdebug.abi32  0x0000000000000000        0x0 build/pic32mz2048efm/production/_ext/1230022092/ad5940main.o
 .mdebug.abi32  0x0000000000000000        0x0 build/pic32mz2048efm/production/_ext/1360937237/app.o
 .mdebug.abi32  0x0000000000000000        0x0 build/pic32mz2048efm/production/_ext/1360937237/main.o
 .mdebug.abi32  0x0000000000000000        0x0 build/pic32mz2048efm/production/_ext/1360937237/communication.o
 .mdebug.abi32  0x0000000000000000        0x0 build/pic32mz2048efm/production/_ext/1360937237/eeprom.o
 .mdebug.abi32  0x0000000000000000        0x0 build/pic32mz2048efm/production/_ext/1360937237/mdot.o
 .mdebug.abi32  0x0000000000000000        0x0 build/pic32mz2048efm/production/_ext/1360937237/messaging.o
 .mdebug.abi32  0x0000000000000000        0x0 build/pic32mz2048efm/production/_ext/1360937237/nmea.o
 .mdebug.abi32  0x0000000000000000        0x0 build/pic32mz2048efm/production/_ext/1360937237/stringbuffer.o
 .mdebug.abi32  0x0000000000000000        0x0 build/pic32mz2048efm/production/_ext/1360937237/time_keeping.o
 .mdebug.abi32  0x0000000000000000        0x0 build/pic32mz2048efm/production/_ext/1360937237/console.o
 .mdebug.abi32  0x0000000000000000        0x0 build/pic32mz2048efm/production/_ext/1360937237/auxillary_sensors.o
 .mdebug.abi32  0x0000000000000000        0x0 /opt/microchip/xc32/v3.01/bin/bin/../../lib/gcc/pic32mx/8.3.1/fpu64/libgcc.a(_udivdi3.o)
 .mdebug.abi32  0x0000000000000000        0x0 /opt/microchip/xc32/v3.01/bin/bin/../../lib/gcc/pic32mx/8.3.1/../../../../pic32mx/lib/fpu64/libpic32.a(default-on-reset.o)
 .mdebug.abi32  0x0000000000000000        0x0 /opt/microchip/xc32/v3.01/bin/bin/../../lib/gcc/pic32mx/8.3.1/../../../../pic32mx/lib/fpu64/libpic32.a(default-on-bootstrap.o)
 .mdebug.abi32  0x0000000000000000        0x0 /opt/microchip/xc32/v3.01/bin/bin/../../lib/gcc/pic32mx/8.3.1/../../../../pic32mx/lib/fpu64/libpic32.a(defaultinterrupt.o)
 .mdebug.abi32  0x0000000000000000        0x0 /opt/microchip/xc32/v3.01/bin/bin/../../lib/gcc/pic32mx/8.3.1/../../../../pic32mx/lib/fpu64/libc.a(_iob.o)
 .mdebug.abi32  0x0000000000000000        0x0 /opt/microchip/xc32/v3.01/bin/bin/../../lib/gcc/pic32mx/8.3.1/../../../../pic32mx/lib/fpu64/libc.a(malloc.o)
 .mdebug.abi32  0x0000000000000000        0x0 /opt/microchip/xc32/v3.01/bin/bin/../../lib/gcc/pic32mx/8.3.1/../../../../pic32mx/lib/fpu64/libc.a(memmove.o)
 .mdebug.abi32  0x0000000000000000        0x0 /opt/microchip/xc32/v3.01/bin/bin/../../lib/gcc/pic32mx/8.3.1/../../../../pic32mx/lib/fpu64/libc.a(puts.o)
 .mdebug.abi32  0x0000000000000000        0x0 /opt/microchip/xc32/v3.01/bin/bin/../../lib/gcc/pic32mx/8.3.1/../../../../pic32mx/lib/fpu64/libc.a(setbuf.o)
 .mdebug.abi32  0x0000000000000000        0x0 /opt/microchip/xc32/v3.01/bin/bin/../../lib/gcc/pic32mx/8.3.1/../../../../pic32mx/lib/fpu64/libc.a(strchr.o)
 .mdebug.abi32  0x0000000000000000        0x0 /opt/microchip/xc32/v3.01/bin/bin/../../lib/gcc/pic32mx/8.3.1/../../../../pic32mx/lib/fpu64/libc.a(strncmp.o)
 .mdebug.abi32  0x0000000000000000        0x0 /opt/microchip/xc32/v3.01/bin/bin/../../lib/gcc/pic32mx/8.3.1/../../../../pic32mx/lib/fpu64/libc.a(strncpy.o)
 .mdebug.abi32  0x0000000000000000        0x0 /opt/microchip/xc32/v3.01/bin/bin/../../lib/gcc/pic32mx/8.3.1/../../../../pic32mx/lib/fpu64/libc.a(strtol.o)
 .mdebug.abi32  0x0000000000000000        0x0 /opt/microchip/xc32/v3.01/bin/bin/../../lib/gcc/pic32mx/8.3.1/../../../../pic32mx/lib/fpu64/libc.a(printf_cdgGnopsuxX.eo)
 .mdebug.abi32  0x0000000000000000        0x0 /opt/microchip/xc32/v3.01/bin/bin/../../lib/gcc/pic32mx/8.3.1/../../../../pic32mx/lib/fpu64/libc.a(sprintf_cdnopsuxX.eo)
 .mdebug.abi32  0x0000000000000000        0x0 /opt/microchip/xc32/v3.01/bin/bin/../../lib/gcc/pic32mx/8.3.1/../../../../pic32mx/lib/fpu64/libc.a(sprintf_fF.eo)
 .mdebug.abi32  0x0000000000000000        0x0 /opt/microchip/xc32/v3.01/bin/bin/../../lib/gcc/pic32mx/8.3.1/../../../../pic32mx/lib/fpu64/libc.a(_fputc_simple.o)
 .mdebug.abi32  0x0000000000000000        0x0 /opt/microchip/xc32/v3.01/bin/bin/../../lib/gcc/pic32mx/8.3.1/../../../../pic32mx/lib/fpu64/libc.a(buf.o)
 .mdebug.abi32  0x0000000000000000        0x0 /opt/microchip/xc32/v3.01/bin/bin/../../lib/gcc/pic32mx/8.3.1/../../../../pic32mx/lib/fpu64/libc.a(ctype.o)
 .mdebug.abi32  0x0000000000000000        0x0 /opt/microchip/xc32/v3.01/bin/bin/../../lib/gcc/pic32mx/8.3.1/../../../../pic32mx/lib/fpu64/libc.a(ctypef.o)
 .mdebug.abi32  0x0000000000000000        0x0 /opt/microchip/xc32/v3.01/bin/bin/../../lib/gcc/pic32mx/8.3.1/../../../../pic32mx/lib/fpu64/libc.a(errno.o)
 .mdebug.abi32  0x0000000000000000        0x0 /opt/microchip/xc32/v3.01/bin/bin/../../lib/gcc/pic32mx/8.3.1/../../../../pic32mx/lib/fpu64/libc.a(doprnt_cdgGnopsuxX.eo)
 .mdebug.abi32  0x0000000000000000        0x0 /opt/microchip/xc32/v3.01/bin/bin/../../lib/gcc/pic32mx/8.3.1/../../../../pic32mx/lib/fpu64/libc.a(doprnt_cdnopsuxX.eo)
 .mdebug.abi32  0x0000000000000000        0x0 /opt/microchip/xc32/v3.01/bin/bin/../../lib/gcc/pic32mx/8.3.1/../../../../pic32mx/lib/fpu64/libc.a(doprnt_fF.eo)
 .mdebug.abi32  0x0000000000000000        0x0 /opt/microchip/xc32/v3.01/bin/bin/../../lib/gcc/pic32mx/8.3.1/../../../../pic32mx/lib/fpu64/libc.a(_flsbuf_simple.o)